Archive member included because of file (symbol)

c:/altera/13.0sp1/nios2eds/bin/gnu/h-i686-mingw32/bin/../lib/gcc/nios2-elf/4.1.2/../../../../nios2-elf/lib\libsmallc.a(lib_a-puts.o)
                              obj/default/count_binary.o (puts)
c:/altera/13.0sp1/nios2eds/bin/gnu/h-i686-mingw32/bin/../lib/gcc/nios2-elf/4.1.2/../../../../nios2-elf/lib\libsmallc.a(lib_a-strlen.o)
                              c:/altera/13.0sp1/nios2eds/bin/gnu/h-i686-mingw32/bin/../lib/gcc/nios2-elf/4.1.2/../../../../nios2-elf/lib\libsmallc.a(lib_a-puts.o) (strlen)
c:/altera/13.0sp1/nios2eds/bin/gnu/h-i686-mingw32/bin/../lib/gcc/nios2-elf/4.1.2/../../../../nios2-elf/lib\libsmallc.a(lib_a-fvwrite_small_dev.o)
                              c:/altera/13.0sp1/nios2eds/bin/gnu/h-i686-mingw32/bin/../lib/gcc/nios2-elf/4.1.2/../../../../nios2-elf/lib\libsmallc.a(lib_a-puts.o) (__sfvwrite_small_dev)
c:/altera/13.0sp1/nios2eds/bin/gnu/h-i686-mingw32/bin/../lib/gcc/nios2-elf/4.1.2/../../../../nios2-elf/lib\libsmallc.a(lib_a-impure.o)
                              c:/altera/13.0sp1/nios2eds/bin/gnu/h-i686-mingw32/bin/../lib/gcc/nios2-elf/4.1.2/../../../../nios2-elf/lib\libsmallc.a(lib_a-puts.o) (_impure_ptr)
c:/altera/13.0sp1/nios2eds/bin/gnu/h-i686-mingw32/bin/../lib/gcc/nios2-elf/4.1.2/../../../../nios2-elf/lib\libsmallc.a(lib_a-writer.o)
                              c:/altera/13.0sp1/nios2eds/bin/gnu/h-i686-mingw32/bin/../lib/gcc/nios2-elf/4.1.2/../../../../nios2-elf/lib\libsmallc.a(lib_a-fvwrite_small_dev.o) (_write_r)
c:/altera/13.0sp1/nios2eds/bin/gnu/h-i686-mingw32/bin/../lib/gcc/nios2-elf/4.1.2/../../../../nios2-elf/lib\libsmallc.a(lib_a-int_errno.o)
                              c:/altera/13.0sp1/nios2eds/bin/gnu/h-i686-mingw32/bin/../lib/gcc/nios2-elf/4.1.2/../../../../nios2-elf/lib\libsmallc.a(lib_a-writer.o) (errno)
C:/Users/max/programming/Verilog/Cornell_labs/lab2/DDA_nios/software/DDA_nios_bsp/\libhal_bsp.a(alt_load.o)
                              C:/Users/max/programming/Verilog/Cornell_labs/lab2/DDA_nios/software/DDA_nios_bsp//obj/HAL/src/crt0.o (alt_load)
C:/Users/max/programming/Verilog/Cornell_labs/lab2/DDA_nios/software/DDA_nios_bsp/\libhal_bsp.a(alt_main.o)
                              C:/Users/max/programming/Verilog/Cornell_labs/lab2/DDA_nios/software/DDA_nios_bsp//obj/HAL/src/crt0.o (alt_main)
C:/Users/max/programming/Verilog/Cornell_labs/lab2/DDA_nios/software/DDA_nios_bsp/\libhal_bsp.a(alt_usleep.o)
                              obj/default/count_binary.o (usleep)
C:/Users/max/programming/Verilog/Cornell_labs/lab2/DDA_nios/software/DDA_nios_bsp/\libhal_bsp.a(alt_write.o)
                              c:/altera/13.0sp1/nios2eds/bin/gnu/h-i686-mingw32/bin/../lib/gcc/nios2-elf/4.1.2/../../../../nios2-elf/lib\libsmallc.a(lib_a-writer.o) (write)
C:/Users/max/programming/Verilog/Cornell_labs/lab2/DDA_nios/software/DDA_nios_bsp/\libhal_bsp.a(alt_sys_init.o)
                              C:/Users/max/programming/Verilog/Cornell_labs/lab2/DDA_nios/software/DDA_nios_bsp/\libhal_bsp.a(alt_main.o) (alt_irq_init)
C:/Users/max/programming/Verilog/Cornell_labs/lab2/DDA_nios/software/DDA_nios_bsp/\libhal_bsp.a(altera_avalon_jtag_uart_fd.o)
                              C:/Users/max/programming/Verilog/Cornell_labs/lab2/DDA_nios/software/DDA_nios_bsp/\libhal_bsp.a(alt_sys_init.o) (altera_avalon_jtag_uart_read_fd)
C:/Users/max/programming/Verilog/Cornell_labs/lab2/DDA_nios/software/DDA_nios_bsp/\libhal_bsp.a(altera_avalon_jtag_uart_read.o)
                              C:/Users/max/programming/Verilog/Cornell_labs/lab2/DDA_nios/software/DDA_nios_bsp/\libhal_bsp.a(altera_avalon_jtag_uart_fd.o) (altera_avalon_jtag_uart_read)
C:/Users/max/programming/Verilog/Cornell_labs/lab2/DDA_nios/software/DDA_nios_bsp/\libhal_bsp.a(altera_avalon_jtag_uart_write.o)
                              C:/Users/max/programming/Verilog/Cornell_labs/lab2/DDA_nios/software/DDA_nios_bsp/\libhal_bsp.a(altera_avalon_jtag_uart_fd.o) (altera_avalon_jtag_uart_write)
C:/Users/max/programming/Verilog/Cornell_labs/lab2/DDA_nios/software/DDA_nios_bsp/\libhal_bsp.a(altera_up_avalon_video_character_buffer_with_dma.o)
                              C:/Users/max/programming/Verilog/Cornell_labs/lab2/DDA_nios/software/DDA_nios_bsp/\libhal_bsp.a(alt_sys_init.o) (alt_up_char_buffer_init)
C:/Users/max/programming/Verilog/Cornell_labs/lab2/DDA_nios/software/DDA_nios_bsp/\libhal_bsp.a(alt_busy_sleep.o)
                              C:/Users/max/programming/Verilog/Cornell_labs/lab2/DDA_nios/software/DDA_nios_bsp/\libhal_bsp.a(alt_usleep.o) (alt_busy_sleep)
C:/Users/max/programming/Verilog/Cornell_labs/lab2/DDA_nios/software/DDA_nios_bsp/\libhal_bsp.a(alt_close.o)
                              C:/Users/max/programming/Verilog/Cornell_labs/lab2/DDA_nios/software/DDA_nios_bsp/\libhal_bsp.a(alt_main.o) (close)
C:/Users/max/programming/Verilog/Cornell_labs/lab2/DDA_nios/software/DDA_nios_bsp/\libhal_bsp.a(alt_dcache_flush_all.o)
                              C:/Users/max/programming/Verilog/Cornell_labs/lab2/DDA_nios/software/DDA_nios_bsp/\libhal_bsp.a(alt_load.o) (alt_dcache_flush_all)
C:/Users/max/programming/Verilog/Cornell_labs/lab2/DDA_nios/software/DDA_nios_bsp/\libhal_bsp.a(alt_dev.o)
                              C:/Users/max/programming/Verilog/Cornell_labs/lab2/DDA_nios/software/DDA_nios_bsp/\libhal_bsp.a(alt_sys_init.o) (alt_dev_list)
C:/Users/max/programming/Verilog/Cornell_labs/lab2/DDA_nios/software/DDA_nios_bsp/\libhal_bsp.a(alt_dev_llist_insert.o)
                              C:/Users/max/programming/Verilog/Cornell_labs/lab2/DDA_nios/software/DDA_nios_bsp/\libhal_bsp.a(alt_sys_init.o) (alt_dev_llist_insert)
C:/Users/max/programming/Verilog/Cornell_labs/lab2/DDA_nios/software/DDA_nios_bsp/\libhal_bsp.a(alt_errno.o)
                              C:/Users/max/programming/Verilog/Cornell_labs/lab2/DDA_nios/software/DDA_nios_bsp/\libhal_bsp.a(alt_write.o) (alt_errno)
C:/Users/max/programming/Verilog/Cornell_labs/lab2/DDA_nios/software/DDA_nios_bsp/\libhal_bsp.a(alt_find_dev.o)
                              C:/Users/max/programming/Verilog/Cornell_labs/lab2/DDA_nios/software/DDA_nios_bsp/\libhal_bsp.a(altera_up_avalon_video_character_buffer_with_dma.o) (alt_find_dev)
C:/Users/max/programming/Verilog/Cornell_labs/lab2/DDA_nios/software/DDA_nios_bsp/\libhal_bsp.a(alt_icache_flush_all.o)
                              C:/Users/max/programming/Verilog/Cornell_labs/lab2/DDA_nios/software/DDA_nios_bsp/\libhal_bsp.a(alt_load.o) (alt_icache_flush_all)
C:/Users/max/programming/Verilog/Cornell_labs/lab2/DDA_nios/software/DDA_nios_bsp/\libhal_bsp.a(alt_io_redirect.o)
                              C:/Users/max/programming/Verilog/Cornell_labs/lab2/DDA_nios/software/DDA_nios_bsp/\libhal_bsp.a(alt_main.o) (alt_io_redirect)
C:/Users/max/programming/Verilog/Cornell_labs/lab2/DDA_nios/software/DDA_nios_bsp/\libhal_bsp.a(alt_open.o)
                              C:/Users/max/programming/Verilog/Cornell_labs/lab2/DDA_nios/software/DDA_nios_bsp/\libhal_bsp.a(alt_io_redirect.o) (open)
C:/Users/max/programming/Verilog/Cornell_labs/lab2/DDA_nios/software/DDA_nios_bsp/\libhal_bsp.a(alt_release_fd.o)
                              C:/Users/max/programming/Verilog/Cornell_labs/lab2/DDA_nios/software/DDA_nios_bsp/\libhal_bsp.a(alt_close.o) (alt_release_fd)
C:/Users/max/programming/Verilog/Cornell_labs/lab2/DDA_nios/software/DDA_nios_bsp/\libhal_bsp.a(altera_nios2_qsys_irq.o)
                              C:/Users/max/programming/Verilog/Cornell_labs/lab2/DDA_nios/software/DDA_nios_bsp/\libhal_bsp.a(alt_sys_init.o) (altera_nios2_qsys_irq_init)
C:/Users/max/programming/Verilog/Cornell_labs/lab2/DDA_nios/software/DDA_nios_bsp/\libhal_bsp.a(alt_find_file.o)
                              C:/Users/max/programming/Verilog/Cornell_labs/lab2/DDA_nios/software/DDA_nios_bsp/\libhal_bsp.a(alt_open.o) (alt_find_file)
C:/Users/max/programming/Verilog/Cornell_labs/lab2/DDA_nios/software/DDA_nios_bsp/\libhal_bsp.a(alt_get_fd.o)
                              C:/Users/max/programming/Verilog/Cornell_labs/lab2/DDA_nios/software/DDA_nios_bsp/\libhal_bsp.a(alt_open.o) (alt_get_fd)
C:/Users/max/programming/Verilog/Cornell_labs/lab2/DDA_nios/software/DDA_nios_bsp/\libhal_bsp.a(alt_icache_flush.o)
                              C:/Users/max/programming/Verilog/Cornell_labs/lab2/DDA_nios/software/DDA_nios_bsp/\libhal_bsp.a(alt_icache_flush_all.o) (alt_icache_flush)
c:/altera/13.0sp1/nios2eds/bin/gnu/h-i686-mingw32/bin/../lib/gcc/nios2-elf/4.1.2/../../../../nios2-elf/lib\libsmallc.a(lib_a-exit.o)
                              C:/Users/max/programming/Verilog/Cornell_labs/lab2/DDA_nios/software/DDA_nios_bsp/\libhal_bsp.a(alt_main.o) (exit)
c:/altera/13.0sp1/nios2eds/bin/gnu/h-i686-mingw32/bin/../lib/gcc/nios2-elf/4.1.2/../../../../nios2-elf/lib\libsmallc.a(lib_a-memcmp.o)
                              C:/Users/max/programming/Verilog/Cornell_labs/lab2/DDA_nios/software/DDA_nios_bsp/\libhal_bsp.a(alt_find_dev.o) (memcmp)
c:/altera/13.0sp1/nios2eds/bin/gnu/h-i686-mingw32/bin/../lib/gcc/nios2-elf/4.1.2/../../../../nios2-elf/lib\libsmallc.a(lib_a-strcmp.o)
                              C:/Users/max/programming/Verilog/Cornell_labs/lab2/DDA_nios/software/DDA_nios_bsp/\libhal_bsp.a(altera_up_avalon_video_character_buffer_with_dma.o) (strcmp)
c:/altera/13.0sp1/nios2eds/bin/gnu/h-i686-mingw32/bin/../lib/gcc/nios2-elf/4.1.2/../../../../nios2-elf/lib\libsmallc.a(lib_a-__call_atexit.o)
                              c:/altera/13.0sp1/nios2eds/bin/gnu/h-i686-mingw32/bin/../lib/gcc/nios2-elf/4.1.2/../../../../nios2-elf/lib\libsmallc.a(lib_a-exit.o) (__call_exitprocs)
C:/Users/max/programming/Verilog/Cornell_labs/lab2/DDA_nios/software/DDA_nios_bsp/\libhal_bsp.a(alt_exit.o)
                              c:/altera/13.0sp1/nios2eds/bin/gnu/h-i686-mingw32/bin/../lib/gcc/nios2-elf/4.1.2/../../../../nios2-elf/lib\libsmallc.a(lib_a-exit.o) (_exit)

Allocating common symbols
Common symbol       size              file

errno               0x4               c:/altera/13.0sp1/nios2eds/bin/gnu/h-i686-mingw32/bin/../lib/gcc/nios2-elf/4.1.2/../../../../nios2-elf/lib\libsmallc.a(lib_a-int_errno.o)

Memory Configuration

Name             Origin             Length             Attributes
reset            0x00000000         0x00000020
SDRAM            0x00000020         0x07ffffe0
*default*        0x00000000         0xffffffff

Linker script and memory map

LOAD C:/Users/max/programming/Verilog/Cornell_labs/lab2/DDA_nios/software/DDA_nios_bsp//obj/HAL/src/crt0.o
LOAD obj/default/count_binary.o
LOAD c:/altera/13.0sp1/nios2eds/bin/gnu/h-i686-mingw32/bin/../lib/gcc/nios2-elf/4.1.2/../../../../nios2-elf/lib\libstdc++.a
LOAD c:/altera/13.0sp1/nios2eds/bin/gnu/h-i686-mingw32/bin/../lib/gcc/nios2-elf/4.1.2/../../../../nios2-elf/lib\libm.a
LOAD c:/altera/13.0sp1/nios2eds/bin/gnu/h-i686-mingw32/bin/../lib/gcc/nios2-elf/4.1.2\libgcc.a
START GROUP
LOAD c:/altera/13.0sp1/nios2eds/bin/gnu/h-i686-mingw32/bin/../lib/gcc/nios2-elf/4.1.2/../../../../nios2-elf/lib\libsmallc.a
LOAD c:/altera/13.0sp1/nios2eds/bin/gnu/h-i686-mingw32/bin/../lib/gcc/nios2-elf/4.1.2\libgcc.a
LOAD C:/Users/max/programming/Verilog/Cornell_labs/lab2/DDA_nios/software/DDA_nios_bsp/\libhal_bsp.a
END GROUP
LOAD c:/altera/13.0sp1/nios2eds/bin/gnu/h-i686-mingw32/bin/../lib/gcc/nios2-elf/4.1.2\libgcc.a
                0x00000000                __alt_mem_SDRAM = 0x0

.entry          0x00000000       0x20
 *(.entry)
 .entry         0x00000000       0x20 C:/Users/max/programming/Verilog/Cornell_labs/lab2/DDA_nios/software/DDA_nios_bsp//obj/HAL/src/crt0.o
                0x00000000                __reset

.exceptions     0x00000020        0x0
                0x00000020                PROVIDE (__ram_exceptions_start, ABSOLUTE (.))
                0x00000020                . = ALIGN (0x20)
 *(.irq)
 *(.exceptions.entry.label)
 *(.exceptions.entry.user)
 *(.exceptions.entry)
 *(.exceptions.irqtest.user)
 *(.exceptions.irqtest)
 *(.exceptions.irqhandler.user)
 *(.exceptions.irqhandler)
 *(.exceptions.irqreturn.user)
 *(.exceptions.irqreturn)
 *(.exceptions.notirq.label)
 *(.exceptions.notirq.user)
 *(.exceptions.notirq)
 *(.exceptions.soft.user)
 *(.exceptions.soft)
 *(.exceptions.unknown.user)
 *(.exceptions.unknown)
 *(.exceptions.exit.label)
 *(.exceptions.exit.user)
 *(.exceptions.exit)
 *(.exceptions)
                0x00000020                PROVIDE (__ram_exceptions_end, ABSOLUTE (.))
                0x00000020                PROVIDE (__flash_exceptions_start, LOADADDR (.exceptions))

.text           0x00000020     0x2720
                0x00000020                PROVIDE (stext, ABSOLUTE (.))
 *(.interp)
 *(.hash)
 *(.dynsym)
 *(.dynstr)
 *(.gnu.version)
 *(.gnu.version_d)
 *(.gnu.version_r)
 *(.rel.init)
 *(.rela.init)
 *(.rel.text .rel.text.* .rel.gnu.linkonce.t.*)
 *(.rela.text .rela.text.* .rela.gnu.linkonce.t.*)
 *(.rel.fini)
 *(.rela.fini)
 *(.rel.rodata .rel.rodata.* .rel.gnu.linkonce.r.*)
 *(.rela.rodata .rela.rodata.* .rela.gnu.linkonce.r.*)
 *(.rel.data .rel.data.* .rel.gnu.linkonce.d.*)
 *(.rela.data .rela.data.* .rela.gnu.linkonce.d.*)
 *(.rel.tdata .rel.tdata.* .rel.gnu.linkonce.td.*)
 *(.rela.tdata .rela.tdata.* .rela.gnu.linkonce.td.*)
 *(.rel.tbss .rel.tbss.* .rel.gnu.linkonce.tb.*)
 *(.rela.tbss .rela.tbss.* .rela.gnu.linkonce.tb.*)
 *(.rel.ctors)
 *(.rela.ctors)
 *(.rel.dtors)
 *(.rela.dtors)
 *(.rel.got)
 *(.rela.got)
 *(.rel.sdata .rel.sdata.* .rel.gnu.linkonce.s.*)
 *(.rela.sdata .rela.sdata.* .rela.gnu.linkonce.s.*)
 *(.rel.sbss .rel.sbss.* .rel.gnu.linkonce.sb.*)
 *(.rela.sbss .rela.sbss.* .rela.gnu.linkonce.sb.*)
 *(.rel.sdata2 .rel.sdata2.* .rel.gnu.linkonce.s2.*)
 *(.rela.sdata2 .rela.sdata2.* .rela.gnu.linkonce.s2.*)
 *(.rel.sbss2 .rel.sbss2.* .rel.gnu.linkonce.sb2.*)
 *(.rela.sbss2 .rela.sbss2.* .rela.gnu.linkonce.sb2.*)
 *(.rel.bss .rel.bss.* .rel.gnu.linkonce.b.*)
 *(.rela.bss .rela.bss.* .rela.gnu.linkonce.b.*)
 *(.rel.plt)
 *(.rela.plt)
 *(.rel.dyn)
 *(.init)
 *(.plt)
 *(.text .stub .text.* .gnu.linkonce.t.*)
 .text          0x00000020       0x3c C:/Users/max/programming/Verilog/Cornell_labs/lab2/DDA_nios/software/DDA_nios_bsp//obj/HAL/src/crt0.o
                0x00000020                _start
 .text          0x0000005c      0xb04 obj/default/count_binary.o
                0x0000005c                main
                0x000005ec                draw_springs
                0x0000071c                VGA_line
                0x000008a4                VGA_point
                0x00000908                VGA_box
                0x000009c0                VGA_circle
 .text          0x00000b60       0xa4 c:/altera/13.0sp1/nios2eds/bin/gnu/h-i686-mingw32/bin/../lib/gcc/nios2-elf/4.1.2/../../../../nios2-elf/lib\libsmallc.a(lib_a-puts.o)
                0x00000b60                _puts_r
                0x00000bf0                puts
 .text          0x00000c04       0x20 c:/altera/13.0sp1/nios2eds/bin/gnu/h-i686-mingw32/bin/../lib/gcc/nios2-elf/4.1.2/../../../../nios2-elf/lib\libsmallc.a(lib_a-strlen.o)
                0x00000c04                strlen
 .text          0x00000c24       0xbc c:/altera/13.0sp1/nios2eds/bin/gnu/h-i686-mingw32/bin/../lib/gcc/nios2-elf/4.1.2/../../../../nios2-elf/lib\libsmallc.a(lib_a-fvwrite_small_dev.o)
                0x00000c24                __sfvwrite_small_dev
 .text          0x00000ce0        0x0 c:/altera/13.0sp1/nios2eds/bin/gnu/h-i686-mingw32/bin/../lib/gcc/nios2-elf/4.1.2/../../../../nios2-elf/lib\libsmallc.a(lib_a-impure.o)
 .text          0x00000ce0       0x78 c:/altera/13.0sp1/nios2eds/bin/gnu/h-i686-mingw32/bin/../lib/gcc/nios2-elf/4.1.2/../../../../nios2-elf/lib\libsmallc.a(lib_a-writer.o)
                0x00000ce0                _write_r
 .text          0x00000d58        0x0 c:/altera/13.0sp1/nios2eds/bin/gnu/h-i686-mingw32/bin/../lib/gcc/nios2-elf/4.1.2/../../../../nios2-elf/lib\libsmallc.a(lib_a-int_errno.o)
 .text          0x00000d58       0xec C:/Users/max/programming/Verilog/Cornell_labs/lab2/DDA_nios/software/DDA_nios_bsp/\libhal_bsp.a(alt_load.o)
                0x00000d58                alt_load
 .text          0x00000e44       0x5c C:/Users/max/programming/Verilog/Cornell_labs/lab2/DDA_nios/software/DDA_nios_bsp/\libhal_bsp.a(alt_main.o)
                0x00000e44                alt_main
 .text          0x00000ea0       0x30 C:/Users/max/programming/Verilog/Cornell_labs/lab2/DDA_nios/software/DDA_nios_bsp/\libhal_bsp.a(alt_usleep.o)
                0x00000ea0                usleep
 .text          0x00000ed0      0x180 C:/Users/max/programming/Verilog/Cornell_labs/lab2/DDA_nios/software/DDA_nios_bsp/\libhal_bsp.a(alt_write.o)
                0x00000ed0                write
 .text          0x00001050      0x350 C:/Users/max/programming/Verilog/Cornell_labs/lab2/DDA_nios/software/DDA_nios_bsp/\libhal_bsp.a(alt_sys_init.o)
                0x00001050                alt_irq_init
                0x00001084                alt_sys_init
 .text          0x000013a0       0xb0 C:/Users/max/programming/Verilog/Cornell_labs/lab2/DDA_nios/software/DDA_nios_bsp/\libhal_bsp.a(altera_avalon_jtag_uart_fd.o)
                0x000013a0                altera_avalon_jtag_uart_read_fd
                0x000013f8                altera_avalon_jtag_uart_write_fd
 .text          0x00001450      0x104 C:/Users/max/programming/Verilog/Cornell_labs/lab2/DDA_nios/software/DDA_nios_bsp/\libhal_bsp.a(altera_avalon_jtag_uart_read.o)
                0x00001450                altera_avalon_jtag_uart_read
 .text          0x00001554       0xa4 C:/Users/max/programming/Verilog/Cornell_labs/lab2/DDA_nios/software/DDA_nios_bsp/\libhal_bsp.a(altera_avalon_jtag_uart_write.o)
                0x00001554                altera_avalon_jtag_uart_write
 .text          0x000015f8      0x304 C:/Users/max/programming/Verilog/Cornell_labs/lab2/DDA_nios/software/DDA_nios_bsp/\libhal_bsp.a(altera_up_avalon_video_character_buffer_with_dma.o)
                0x000015f8                alt_up_char_buffer_init
                0x0000167c                alt_up_char_buffer_open_dev
                0x000016bc                alt_up_char_buffer_draw
                0x0000178c                alt_up_char_buffer_string
                0x000018a0                alt_up_char_buffer_clear
 .text          0x000018fc      0x12c C:/Users/max/programming/Verilog/Cornell_labs/lab2/DDA_nios/software/DDA_nios_bsp/\libhal_bsp.a(alt_busy_sleep.o)
                0x000018fc                alt_busy_sleep
 .text          0x00001a28      0x15c C:/Users/max/programming/Verilog/Cornell_labs/lab2/DDA_nios/software/DDA_nios_bsp/\libhal_bsp.a(alt_close.o)
                0x00001a28                close
 .text          0x00001b84       0x1c C:/Users/max/programming/Verilog/Cornell_labs/lab2/DDA_nios/software/DDA_nios_bsp/\libhal_bsp.a(alt_dcache_flush_all.o)
                0x00001b84                alt_dcache_flush_all
 .text          0x00001ba0       0x2c C:/Users/max/programming/Verilog/Cornell_labs/lab2/DDA_nios/software/DDA_nios_bsp/\libhal_bsp.a(alt_dev.o)
 .text          0x00001bcc      0x114 C:/Users/max/programming/Verilog/Cornell_labs/lab2/DDA_nios/software/DDA_nios_bsp/\libhal_bsp.a(alt_dev_llist_insert.o)
                0x00001bcc                alt_dev_llist_insert
 .text          0x00001ce0        0x0 C:/Users/max/programming/Verilog/Cornell_labs/lab2/DDA_nios/software/DDA_nios_bsp/\libhal_bsp.a(alt_errno.o)
 .text          0x00001ce0       0x94 C:/Users/max/programming/Verilog/Cornell_labs/lab2/DDA_nios/software/DDA_nios_bsp/\libhal_bsp.a(alt_find_dev.o)
                0x00001ce0                alt_find_dev
 .text          0x00001d74       0x30 C:/Users/max/programming/Verilog/Cornell_labs/lab2/DDA_nios/software/DDA_nios_bsp/\libhal_bsp.a(alt_icache_flush_all.o)
                0x00001d74                alt_icache_flush_all
 .text          0x00001da4      0x13c C:/Users/max/programming/Verilog/Cornell_labs/lab2/DDA_nios/software/DDA_nios_bsp/\libhal_bsp.a(alt_io_redirect.o)
                0x00001e68                alt_io_redirect
 .text          0x00001ee0      0x2c4 C:/Users/max/programming/Verilog/Cornell_labs/lab2/DDA_nios/software/DDA_nios_bsp/\libhal_bsp.a(alt_open.o)
                0x00001fbc                open
 .text          0x000021a4       0x60 C:/Users/max/programming/Verilog/Cornell_labs/lab2/DDA_nios/software/DDA_nios_bsp/\libhal_bsp.a(alt_release_fd.o)
                0x000021a4                alt_release_fd
 .text          0x00002204       0x20 C:/Users/max/programming/Verilog/Cornell_labs/lab2/DDA_nios/software/DDA_nios_bsp/\libhal_bsp.a(altera_nios2_qsys_irq.o)
                0x00002204                altera_nios2_qsys_irq_init
 .text          0x00002224      0x120 C:/Users/max/programming/Verilog/Cornell_labs/lab2/DDA_nios/software/DDA_nios_bsp/\libhal_bsp.a(alt_find_file.o)
                0x00002224                alt_find_file
 .text          0x00002344       0xb8 C:/Users/max/programming/Verilog/Cornell_labs/lab2/DDA_nios/software/DDA_nios_bsp/\libhal_bsp.a(alt_get_fd.o)
                0x00002344                alt_get_fd
 .text          0x000023fc       0x90 C:/Users/max/programming/Verilog/Cornell_labs/lab2/DDA_nios/software/DDA_nios_bsp/\libhal_bsp.a(alt_icache_flush.o)
                0x000023fc                alt_icache_flush
 .text          0x0000248c       0x20 c:/altera/13.0sp1/nios2eds/bin/gnu/h-i686-mingw32/bin/../lib/gcc/nios2-elf/4.1.2/../../../../nios2-elf/lib\libsmallc.a(lib_a-exit.o)
                0x0000248c                exit
 .text          0x000024ac       0x3c c:/altera/13.0sp1/nios2eds/bin/gnu/h-i686-mingw32/bin/../lib/gcc/nios2-elf/4.1.2/../../../../nios2-elf/lib\libsmallc.a(lib_a-memcmp.o)
                0x000024ac                memcmp
 .text          0x000024e8       0x34 c:/altera/13.0sp1/nios2eds/bin/gnu/h-i686-mingw32/bin/../lib/gcc/nios2-elf/4.1.2/../../../../nios2-elf/lib\libsmallc.a(lib_a-strcmp.o)
                0x000024e8                strcmp
 .text          0x0000251c      0x1c0 c:/altera/13.0sp1/nios2eds/bin/gnu/h-i686-mingw32/bin/../lib/gcc/nios2-elf/4.1.2/../../../../nios2-elf/lib\libsmallc.a(lib_a-__call_atexit.o)
                0x00002520                __call_exitprocs
 .text          0x000026dc       0x60 C:/Users/max/programming/Verilog/Cornell_labs/lab2/DDA_nios/software/DDA_nios_bsp/\libhal_bsp.a(alt_exit.o)
                0x0000271c                _exit
 *(.gnu.warning.*)
 *(.fini)
                0x0000273c                PROVIDE (__etext, ABSOLUTE (.))
                0x0000273c                PROVIDE (_etext, ABSOLUTE (.))
                0x0000273c                PROVIDE (etext, ABSOLUTE (.))
 *(.eh_frame_hdr)
                0x0000273c                . = ALIGN (0x4)
                0x0000273c                PROVIDE (__preinit_array_start, ABSOLUTE (.))
 *(.preinit_array)
                0x0000273c                PROVIDE (__preinit_array_end, ABSOLUTE (.))
                0x0000273c                PROVIDE (__init_array_start, ABSOLUTE (.))
 *(.init_array)
                0x0000273c                PROVIDE (__init_array_end, ABSOLUTE (.))
                0x0000273c                PROVIDE (__fini_array_start, ABSOLUTE (.))
 *(.fini_array)
                0x0000273c                PROVIDE (__fini_array_end, ABSOLUTE (.))
 *(.eh_frame)
 *(.gcc_except_table)
 *(.dynamic)
                0x0000273c                PROVIDE (__CTOR_LIST__, ABSOLUTE (.))
 *(.ctors)
 *(SORT(.ctors.*))
 .ctors.65535   0x0000273c        0x4 c:/altera/13.0sp1/nios2eds/bin/gnu/h-i686-mingw32/bin/../lib/gcc/nios2-elf/4.1.2/../../../../nios2-elf/lib\libsmallc.a(lib_a-__call_atexit.o)
                0x00002740                PROVIDE (__CTOR_END__, ABSOLUTE (.))
                0x00002740                PROVIDE (__DTOR_LIST__, ABSOLUTE (.))
 *(.dtors)
 *(SORT(.dtors.*))
                0x00002740                PROVIDE (__DTOR_END__, ABSOLUTE (.))
 *(.jcr)
                0x00002740                . = ALIGN (0x4)

.rodata         0x00002740       0xe8
                0x00002740                PROVIDE (__ram_rodata_start, ABSOLUTE (.))
                0x00002740                . = ALIGN (0x4)
 *(.rodata .rodata.* .gnu.linkonce.r.*)
 .rodata        0x00002740       0x54 obj/default/count_binary.o
 .rodata.str1.4
                0x00002794        0x4 c:/altera/13.0sp1/nios2eds/bin/gnu/h-i686-mingw32/bin/../lib/gcc/nios2-elf/4.1.2/../../../../nios2-elf/lib\libsmallc.a(lib_a-puts.o)
 .rodata        0x00002798       0x10 C:/Users/max/programming/Verilog/Cornell_labs/lab2/DDA_nios/software/DDA_nios_bsp/\libhal_bsp.a(alt_main.o)
 .rodata        0x000027a8       0x58 C:/Users/max/programming/Verilog/Cornell_labs/lab2/DDA_nios/software/DDA_nios_bsp/\libhal_bsp.a(alt_sys_init.o)
 .rodata        0x00002800       0x1c C:/Users/max/programming/Verilog/Cornell_labs/lab2/DDA_nios/software/DDA_nios_bsp/\libhal_bsp.a(altera_up_avalon_video_character_buffer_with_dma.o)
 .rodata        0x0000281c        0xc C:/Users/max/programming/Verilog/Cornell_labs/lab2/DDA_nios/software/DDA_nios_bsp/\libhal_bsp.a(alt_dev.o)
 *(.rodata1)
                0x00002828                . = ALIGN (0x4)
                0x00002828                PROVIDE (__ram_rodata_end, ABSOLUTE (.))
                0x00002740                PROVIDE (__flash_rodata_start, LOADADDR (.rodata))

.rwdata         0x00002828      0x370 load address 0x00002b98
                0x00002828                PROVIDE (__ram_rwdata_start, ABSOLUTE (.))
                0x00002828                . = ALIGN (0x4)
 *(.got.plt)
 *(.got)
 *(.data1)
 *(.data .data.* .gnu.linkonce.d.*)
 .data          0x00002828        0x0 C:/Users/max/programming/Verilog/Cornell_labs/lab2/DDA_nios/software/DDA_nios_bsp//obj/HAL/src/crt0.o
 .data          0x00002828        0x0 obj/default/count_binary.o
 .data          0x00002828        0x0 c:/altera/13.0sp1/nios2eds/bin/gnu/h-i686-mingw32/bin/../lib/gcc/nios2-elf/4.1.2/../../../../nios2-elf/lib\libsmallc.a(lib_a-puts.o)
 .data          0x00002828        0x0 c:/altera/13.0sp1/nios2eds/bin/gnu/h-i686-mingw32/bin/../lib/gcc/nios2-elf/4.1.2/../../../../nios2-elf/lib\libsmallc.a(lib_a-strlen.o)
 .data          0x00002828        0x0 c:/altera/13.0sp1/nios2eds/bin/gnu/h-i686-mingw32/bin/../lib/gcc/nios2-elf/4.1.2/../../../../nios2-elf/lib\libsmallc.a(lib_a-fvwrite_small_dev.o)
 .data          0x00002828       0xe0 c:/altera/13.0sp1/nios2eds/bin/gnu/h-i686-mingw32/bin/../lib/gcc/nios2-elf/4.1.2/../../../../nios2-elf/lib\libsmallc.a(lib_a-impure.o)
 .data          0x00002908        0x0 c:/altera/13.0sp1/nios2eds/bin/gnu/h-i686-mingw32/bin/../lib/gcc/nios2-elf/4.1.2/../../../../nios2-elf/lib\libsmallc.a(lib_a-writer.o)
 .data          0x00002908        0x0 c:/altera/13.0sp1/nios2eds/bin/gnu/h-i686-mingw32/bin/../lib/gcc/nios2-elf/4.1.2/../../../../nios2-elf/lib\libsmallc.a(lib_a-int_errno.o)
 .data          0x00002908        0x0 C:/Users/max/programming/Verilog/Cornell_labs/lab2/DDA_nios/software/DDA_nios_bsp/\libhal_bsp.a(alt_load.o)
 .data          0x00002908        0x0 C:/Users/max/programming/Verilog/Cornell_labs/lab2/DDA_nios/software/DDA_nios_bsp/\libhal_bsp.a(alt_main.o)
 .data          0x00002908        0x0 C:/Users/max/programming/Verilog/Cornell_labs/lab2/DDA_nios/software/DDA_nios_bsp/\libhal_bsp.a(alt_usleep.o)
 .data          0x00002908        0x0 C:/Users/max/programming/Verilog/Cornell_labs/lab2/DDA_nios/software/DDA_nios_bsp/\libhal_bsp.a(alt_write.o)
 .data          0x00002908       0xc8 C:/Users/max/programming/Verilog/Cornell_labs/lab2/DDA_nios/software/DDA_nios_bsp/\libhal_bsp.a(alt_sys_init.o)
 .data          0x000029d0        0x0 C:/Users/max/programming/Verilog/Cornell_labs/lab2/DDA_nios/software/DDA_nios_bsp/\libhal_bsp.a(altera_avalon_jtag_uart_fd.o)
 .data          0x000029d0        0x0 C:/Users/max/programming/Verilog/Cornell_labs/lab2/DDA_nios/software/DDA_nios_bsp/\libhal_bsp.a(altera_avalon_jtag_uart_read.o)
 .data          0x000029d0        0x0 C:/Users/max/programming/Verilog/Cornell_labs/lab2/DDA_nios/software/DDA_nios_bsp/\libhal_bsp.a(altera_avalon_jtag_uart_write.o)
 .data          0x000029d0        0x0 C:/Users/max/programming/Verilog/Cornell_labs/lab2/DDA_nios/software/DDA_nios_bsp/\libhal_bsp.a(altera_up_avalon_video_character_buffer_with_dma.o)
 .data          0x000029d0        0x0 C:/Users/max/programming/Verilog/Cornell_labs/lab2/DDA_nios/software/DDA_nios_bsp/\libhal_bsp.a(alt_busy_sleep.o)
 .data          0x000029d0        0x0 C:/Users/max/programming/Verilog/Cornell_labs/lab2/DDA_nios/software/DDA_nios_bsp/\libhal_bsp.a(alt_close.o)
 .data          0x000029d0        0x0 C:/Users/max/programming/Verilog/Cornell_labs/lab2/DDA_nios/software/DDA_nios_bsp/\libhal_bsp.a(alt_dcache_flush_all.o)
 .data          0x000029d0      0x1a8 C:/Users/max/programming/Verilog/Cornell_labs/lab2/DDA_nios/software/DDA_nios_bsp/\libhal_bsp.a(alt_dev.o)
                0x000029d0                alt_dev_null
                0x000029f8                alt_fd_list
 .data          0x00002b78        0x0 C:/Users/max/programming/Verilog/Cornell_labs/lab2/DDA_nios/software/DDA_nios_bsp/\libhal_bsp.a(alt_dev_llist_insert.o)
 .data          0x00002b78        0x0 C:/Users/max/programming/Verilog/Cornell_labs/lab2/DDA_nios/software/DDA_nios_bsp/\libhal_bsp.a(alt_errno.o)
 .data          0x00002b78        0x0 C:/Users/max/programming/Verilog/Cornell_labs/lab2/DDA_nios/software/DDA_nios_bsp/\libhal_bsp.a(alt_find_dev.o)
 .data          0x00002b78        0x0 C:/Users/max/programming/Verilog/Cornell_labs/lab2/DDA_nios/software/DDA_nios_bsp/\libhal_bsp.a(alt_icache_flush_all.o)
 .data          0x00002b78        0x0 C:/Users/max/programming/Verilog/Cornell_labs/lab2/DDA_nios/software/DDA_nios_bsp/\libhal_bsp.a(alt_io_redirect.o)
 .data          0x00002b78        0x0 C:/Users/max/programming/Verilog/Cornell_labs/lab2/DDA_nios/software/DDA_nios_bsp/\libhal_bsp.a(alt_open.o)
 .data          0x00002b78        0x0 C:/Users/max/programming/Verilog/Cornell_labs/lab2/DDA_nios/software/DDA_nios_bsp/\libhal_bsp.a(alt_release_fd.o)
 .data          0x00002b78        0x0 C:/Users/max/programming/Verilog/Cornell_labs/lab2/DDA_nios/software/DDA_nios_bsp/\libhal_bsp.a(altera_nios2_qsys_irq.o)
 .data          0x00002b78        0x0 C:/Users/max/programming/Verilog/Cornell_labs/lab2/DDA_nios/software/DDA_nios_bsp/\libhal_bsp.a(alt_find_file.o)
 .data          0x00002b78        0x0 C:/Users/max/programming/Verilog/Cornell_labs/lab2/DDA_nios/software/DDA_nios_bsp/\libhal_bsp.a(alt_get_fd.o)
 .data          0x00002b78        0x0 C:/Users/max/programming/Verilog/Cornell_labs/lab2/DDA_nios/software/DDA_nios_bsp/\libhal_bsp.a(alt_icache_flush.o)
 .data          0x00002b78        0x0 c:/altera/13.0sp1/nios2eds/bin/gnu/h-i686-mingw32/bin/../lib/gcc/nios2-elf/4.1.2/../../../../nios2-elf/lib\libsmallc.a(lib_a-exit.o)
 .data          0x00002b78        0x0 c:/altera/13.0sp1/nios2eds/bin/gnu/h-i686-mingw32/bin/../lib/gcc/nios2-elf/4.1.2/../../../../nios2-elf/lib\libsmallc.a(lib_a-memcmp.o)
 .data          0x00002b78        0x0 c:/altera/13.0sp1/nios2eds/bin/gnu/h-i686-mingw32/bin/../lib/gcc/nios2-elf/4.1.2/../../../../nios2-elf/lib\libsmallc.a(lib_a-strcmp.o)
 .data          0x00002b78        0x0 c:/altera/13.0sp1/nios2eds/bin/gnu/h-i686-mingw32/bin/../lib/gcc/nios2-elf/4.1.2/../../../../nios2-elf/lib\libsmallc.a(lib_a-__call_atexit.o)
 .data          0x00002b78        0x0 C:/Users/max/programming/Verilog/Cornell_labs/lab2/DDA_nios/software/DDA_nios_bsp/\libhal_bsp.a(alt_exit.o)
                0x0000ab78                _gp = ABSOLUTE ((. + 0x8000))
                0x0000ab78                PROVIDE (gp, _gp)
 *(.rwdata .rwdata.*)
 *(.sdata .sdata.* .gnu.linkonce.s.*)
 .sdata         0x00002b78        0x8 c:/altera/13.0sp1/nios2eds/bin/gnu/h-i686-mingw32/bin/../lib/gcc/nios2-elf/4.1.2/../../../../nios2-elf/lib\libsmallc.a(lib_a-impure.o)
                0x00002b78                _impure_ptr
                0x00002b7c                _global_impure_ptr
 .sdata         0x00002b80       0x14 C:/Users/max/programming/Verilog/Cornell_labs/lab2/DDA_nios/software/DDA_nios_bsp/\libhal_bsp.a(alt_dev.o)
                0x00002b80                alt_fs_list
                0x00002b88                alt_dev_list
                0x00002b90                alt_max_fd
 .sdata         0x00002b94        0x4 C:/Users/max/programming/Verilog/Cornell_labs/lab2/DDA_nios/software/DDA_nios_bsp/\libhal_bsp.a(alt_errno.o)
                0x00002b94                alt_errno
 *(.sdata2 .sdata2.* .gnu.linkonce.s2.*)
                0x00002b98                . = ALIGN (0x4)
                0x00002b98                _edata = ABSOLUTE (.)
                0x00002b98                PROVIDE (edata, ABSOLUTE (.))
                0x00002b98                PROVIDE (__ram_rwdata_end, ABSOLUTE (.))
                0x00002b98                PROVIDE (__flash_rwdata_start, LOADADDR (.rwdata))

.bss            0x00002f08       0x10
                0x00002f08                __bss_start = ABSOLUTE (.)
                0x00002f08                PROVIDE (__sbss_start, ABSOLUTE (.))
                0x00002f08                PROVIDE (___sbss_start, ABSOLUTE (.))
 *(.dynsbss)
 *(.sbss .sbss.* .gnu.linkonce.sb.*)
 .sbss          0x00002f08        0x4 c:/altera/13.0sp1/nios2eds/bin/gnu/h-i686-mingw32/bin/../lib/gcc/nios2-elf/4.1.2/../../../../nios2-elf/lib\libsmallc.a(lib_a-int_errno.o)
                0x00002f08                errno
 .sbss          0x00002f0c        0xc C:/Users/max/programming/Verilog/Cornell_labs/lab2/DDA_nios/software/DDA_nios_bsp/\libhal_bsp.a(alt_main.o)
                0x00002f0c                alt_argc
                0x00002f10                alt_argv
                0x00002f14                alt_envp
 *(.sbss2 .sbss2.* .gnu.linkonce.sb2.*)
 *(.scommon)
                0x00002f18                PROVIDE (__sbss_end, ABSOLUTE (.))
                0x00002f18                PROVIDE (___sbss_end, ABSOLUTE (.))
 *(.dynbss)
 *(.bss .bss.* .gnu.linkonce.b.*)
 .bss           0x00002f18        0x0 C:/Users/max/programming/Verilog/Cornell_labs/lab2/DDA_nios/software/DDA_nios_bsp//obj/HAL/src/crt0.o
 .bss           0x00002f18        0x0 obj/default/count_binary.o
 .bss           0x00002f18        0x0 c:/altera/13.0sp1/nios2eds/bin/gnu/h-i686-mingw32/bin/../lib/gcc/nios2-elf/4.1.2/../../../../nios2-elf/lib\libsmallc.a(lib_a-puts.o)
 .bss           0x00002f18        0x0 c:/altera/13.0sp1/nios2eds/bin/gnu/h-i686-mingw32/bin/../lib/gcc/nios2-elf/4.1.2/../../../../nios2-elf/lib\libsmallc.a(lib_a-strlen.o)
 .bss           0x00002f18        0x0 c:/altera/13.0sp1/nios2eds/bin/gnu/h-i686-mingw32/bin/../lib/gcc/nios2-elf/4.1.2/../../../../nios2-elf/lib\libsmallc.a(lib_a-fvwrite_small_dev.o)
 .bss           0x00002f18        0x0 c:/altera/13.0sp1/nios2eds/bin/gnu/h-i686-mingw32/bin/../lib/gcc/nios2-elf/4.1.2/../../../../nios2-elf/lib\libsmallc.a(lib_a-impure.o)
 .bss           0x00002f18        0x0 c:/altera/13.0sp1/nios2eds/bin/gnu/h-i686-mingw32/bin/../lib/gcc/nios2-elf/4.1.2/../../../../nios2-elf/lib\libsmallc.a(lib_a-writer.o)
 .bss           0x00002f18        0x0 c:/altera/13.0sp1/nios2eds/bin/gnu/h-i686-mingw32/bin/../lib/gcc/nios2-elf/4.1.2/../../../../nios2-elf/lib\libsmallc.a(lib_a-int_errno.o)
 .bss           0x00002f18        0x0 C:/Users/max/programming/Verilog/Cornell_labs/lab2/DDA_nios/software/DDA_nios_bsp/\libhal_bsp.a(alt_load.o)
 .bss           0x00002f18        0x0 C:/Users/max/programming/Verilog/Cornell_labs/lab2/DDA_nios/software/DDA_nios_bsp/\libhal_bsp.a(alt_main.o)
 .bss           0x00002f18        0x0 C:/Users/max/programming/Verilog/Cornell_labs/lab2/DDA_nios/software/DDA_nios_bsp/\libhal_bsp.a(alt_usleep.o)
 .bss           0x00002f18        0x0 C:/Users/max/programming/Verilog/Cornell_labs/lab2/DDA_nios/software/DDA_nios_bsp/\libhal_bsp.a(alt_write.o)
 .bss           0x00002f18        0x0 C:/Users/max/programming/Verilog/Cornell_labs/lab2/DDA_nios/software/DDA_nios_bsp/\libhal_bsp.a(alt_sys_init.o)
 .bss           0x00002f18        0x0 C:/Users/max/programming/Verilog/Cornell_labs/lab2/DDA_nios/software/DDA_nios_bsp/\libhal_bsp.a(altera_avalon_jtag_uart_fd.o)
 .bss           0x00002f18        0x0 C:/Users/max/programming/Verilog/Cornell_labs/lab2/DDA_nios/software/DDA_nios_bsp/\libhal_bsp.a(altera_avalon_jtag_uart_read.o)
 .bss           0x00002f18        0x0 C:/Users/max/programming/Verilog/Cornell_labs/lab2/DDA_nios/software/DDA_nios_bsp/\libhal_bsp.a(altera_avalon_jtag_uart_write.o)
 .bss           0x00002f18        0x0 C:/Users/max/programming/Verilog/Cornell_labs/lab2/DDA_nios/software/DDA_nios_bsp/\libhal_bsp.a(altera_up_avalon_video_character_buffer_with_dma.o)
 .bss           0x00002f18        0x0 C:/Users/max/programming/Verilog/Cornell_labs/lab2/DDA_nios/software/DDA_nios_bsp/\libhal_bsp.a(alt_busy_sleep.o)
 .bss           0x00002f18        0x0 C:/Users/max/programming/Verilog/Cornell_labs/lab2/DDA_nios/software/DDA_nios_bsp/\libhal_bsp.a(alt_close.o)
 .bss           0x00002f18        0x0 C:/Users/max/programming/Verilog/Cornell_labs/lab2/DDA_nios/software/DDA_nios_bsp/\libhal_bsp.a(alt_dcache_flush_all.o)
 .bss           0x00002f18        0x0 C:/Users/max/programming/Verilog/Cornell_labs/lab2/DDA_nios/software/DDA_nios_bsp/\libhal_bsp.a(alt_dev.o)
 .bss           0x00002f18        0x0 C:/Users/max/programming/Verilog/Cornell_labs/lab2/DDA_nios/software/DDA_nios_bsp/\libhal_bsp.a(alt_dev_llist_insert.o)
 .bss           0x00002f18        0x0 C:/Users/max/programming/Verilog/Cornell_labs/lab2/DDA_nios/software/DDA_nios_bsp/\libhal_bsp.a(alt_errno.o)
 .bss           0x00002f18        0x0 C:/Users/max/programming/Verilog/Cornell_labs/lab2/DDA_nios/software/DDA_nios_bsp/\libhal_bsp.a(alt_find_dev.o)
 .bss           0x00002f18        0x0 C:/Users/max/programming/Verilog/Cornell_labs/lab2/DDA_nios/software/DDA_nios_bsp/\libhal_bsp.a(alt_icache_flush_all.o)
 .bss           0x00002f18        0x0 C:/Users/max/programming/Verilog/Cornell_labs/lab2/DDA_nios/software/DDA_nios_bsp/\libhal_bsp.a(alt_io_redirect.o)
 .bss           0x00002f18        0x0 C:/Users/max/programming/Verilog/Cornell_labs/lab2/DDA_nios/software/DDA_nios_bsp/\libhal_bsp.a(alt_open.o)
 .bss           0x00002f18        0x0 C:/Users/max/programming/Verilog/Cornell_labs/lab2/DDA_nios/software/DDA_nios_bsp/\libhal_bsp.a(alt_release_fd.o)
 .bss           0x00002f18        0x0 C:/Users/max/programming/Verilog/Cornell_labs/lab2/DDA_nios/software/DDA_nios_bsp/\libhal_bsp.a(altera_nios2_qsys_irq.o)
 .bss           0x00002f18        0x0 C:/Users/max/programming/Verilog/Cornell_labs/lab2/DDA_nios/software/DDA_nios_bsp/\libhal_bsp.a(alt_find_file.o)
 .bss           0x00002f18        0x0 C:/Users/max/programming/Verilog/Cornell_labs/lab2/DDA_nios/software/DDA_nios_bsp/\libhal_bsp.a(alt_get_fd.o)
 .bss           0x00002f18        0x0 C:/Users/max/programming/Verilog/Cornell_labs/lab2/DDA_nios/software/DDA_nios_bsp/\libhal_bsp.a(alt_icache_flush.o)
 .bss           0x00002f18        0x0 c:/altera/13.0sp1/nios2eds/bin/gnu/h-i686-mingw32/bin/../lib/gcc/nios2-elf/4.1.2/../../../../nios2-elf/lib\libsmallc.a(lib_a-exit.o)
 .bss           0x00002f18        0x0 c:/altera/13.0sp1/nios2eds/bin/gnu/h-i686-mingw32/bin/../lib/gcc/nios2-elf/4.1.2/../../../../nios2-elf/lib\libsmallc.a(lib_a-memcmp.o)
 .bss           0x00002f18        0x0 c:/altera/13.0sp1/nios2eds/bin/gnu/h-i686-mingw32/bin/../lib/gcc/nios2-elf/4.1.2/../../../../nios2-elf/lib\libsmallc.a(lib_a-strcmp.o)
 .bss           0x00002f18        0x0 c:/altera/13.0sp1/nios2eds/bin/gnu/h-i686-mingw32/bin/../lib/gcc/nios2-elf/4.1.2/../../../../nios2-elf/lib\libsmallc.a(lib_a-__call_atexit.o)
 .bss           0x00002f18        0x0 C:/Users/max/programming/Verilog/Cornell_labs/lab2/DDA_nios/software/DDA_nios_bsp/\libhal_bsp.a(alt_exit.o)
 *(COMMON)
                0x00002f18                . = ALIGN (0x4)
                0x00002f18                __bss_end = ABSOLUTE (.)

.SDRAM          0x00002f18        0x0
                0x00002f18                PROVIDE (_alt_partition_SDRAM_start, ABSOLUTE (.))
 *(.SDRAM. SDRAM.*)
                0x00002f18                . = ALIGN (0x4)
                0x00002f18                PROVIDE (_alt_partition_SDRAM_end, ABSOLUTE (.))
                0x00002f18                _end = ABSOLUTE (.)
                0x00002f18                end = ABSOLUTE (.)
                0x00002f18                __alt_stack_base = ABSOLUTE (.)
                0x00002f18                PROVIDE (_alt_partition_SDRAM_load_addr, LOADADDR (.SDRAM))

.stab
 *(.stab)

.stabstr
 *(.stabstr)

.stab.excl
 *(.stab.excl)

.stab.exclstr
 *(.stab.exclstr)

.stab.index
 *(.stab.index)

.stab.indexstr
 *(.stab.indexstr)

.comment        0x00000000       0x26
 *(.comment)
 .comment       0x00000000       0x26 obj/default/count_binary.o
                                 0x27 (size before relaxing)
 .comment       0x00000000       0x27 c:/altera/13.0sp1/nios2eds/bin/gnu/h-i686-mingw32/bin/../lib/gcc/nios2-elf/4.1.2/../../../../nios2-elf/lib\libsmallc.a(lib_a-puts.o)
 .comment       0x00000000       0x27 c:/altera/13.0sp1/nios2eds/bin/gnu/h-i686-mingw32/bin/../lib/gcc/nios2-elf/4.1.2/../../../../nios2-elf/lib\libsmallc.a(lib_a-strlen.o)
 .comment       0x00000000       0x27 c:/altera/13.0sp1/nios2eds/bin/gnu/h-i686-mingw32/bin/../lib/gcc/nios2-elf/4.1.2/../../../../nios2-elf/lib\libsmallc.a(lib_a-fvwrite_small_dev.o)
 .comment       0x00000000       0x27 c:/altera/13.0sp1/nios2eds/bin/gnu/h-i686-mingw32/bin/../lib/gcc/nios2-elf/4.1.2/../../../../nios2-elf/lib\libsmallc.a(lib_a-impure.o)
 .comment       0x00000000       0x27 c:/altera/13.0sp1/nios2eds/bin/gnu/h-i686-mingw32/bin/../lib/gcc/nios2-elf/4.1.2/../../../../nios2-elf/lib\libsmallc.a(lib_a-writer.o)
 .comment       0x00000000       0x27 c:/altera/13.0sp1/nios2eds/bin/gnu/h-i686-mingw32/bin/../lib/gcc/nios2-elf/4.1.2/../../../../nios2-elf/lib\libsmallc.a(lib_a-int_errno.o)
 .comment       0x00000000       0x27 C:/Users/max/programming/Verilog/Cornell_labs/lab2/DDA_nios/software/DDA_nios_bsp/\libhal_bsp.a(alt_load.o)
 .comment       0x00000000       0x27 C:/Users/max/programming/Verilog/Cornell_labs/lab2/DDA_nios/software/DDA_nios_bsp/\libhal_bsp.a(alt_main.o)
 .comment       0x00000000       0x27 C:/Users/max/programming/Verilog/Cornell_labs/lab2/DDA_nios/software/DDA_nios_bsp/\libhal_bsp.a(alt_usleep.o)
 .comment       0x00000000       0x27 C:/Users/max/programming/Verilog/Cornell_labs/lab2/DDA_nios/software/DDA_nios_bsp/\libhal_bsp.a(alt_write.o)
 .comment       0x00000000       0x27 C:/Users/max/programming/Verilog/Cornell_labs/lab2/DDA_nios/software/DDA_nios_bsp/\libhal_bsp.a(alt_sys_init.o)
 .comment       0x00000000       0x27 C:/Users/max/programming/Verilog/Cornell_labs/lab2/DDA_nios/software/DDA_nios_bsp/\libhal_bsp.a(altera_avalon_jtag_uart_fd.o)
 .comment       0x00000000       0x27 C:/Users/max/programming/Verilog/Cornell_labs/lab2/DDA_nios/software/DDA_nios_bsp/\libhal_bsp.a(altera_avalon_jtag_uart_read.o)
 .comment       0x00000000       0x27 C:/Users/max/programming/Verilog/Cornell_labs/lab2/DDA_nios/software/DDA_nios_bsp/\libhal_bsp.a(altera_avalon_jtag_uart_write.o)
 .comment       0x00000000       0x27 C:/Users/max/programming/Verilog/Cornell_labs/lab2/DDA_nios/software/DDA_nios_bsp/\libhal_bsp.a(altera_up_avalon_video_character_buffer_with_dma.o)
 .comment       0x00000000       0x27 C:/Users/max/programming/Verilog/Cornell_labs/lab2/DDA_nios/software/DDA_nios_bsp/\libhal_bsp.a(alt_busy_sleep.o)
 .comment       0x00000000       0x27 C:/Users/max/programming/Verilog/Cornell_labs/lab2/DDA_nios/software/DDA_nios_bsp/\libhal_bsp.a(alt_close.o)
 .comment       0x00000000       0x27 C:/Users/max/programming/Verilog/Cornell_labs/lab2/DDA_nios/software/DDA_nios_bsp/\libhal_bsp.a(alt_dcache_flush_all.o)
 .comment       0x00000000       0x27 C:/Users/max/programming/Verilog/Cornell_labs/lab2/DDA_nios/software/DDA_nios_bsp/\libhal_bsp.a(alt_dev.o)
 .comment       0x00000000       0x27 C:/Users/max/programming/Verilog/Cornell_labs/lab2/DDA_nios/software/DDA_nios_bsp/\libhal_bsp.a(alt_dev_llist_insert.o)
 .comment       0x00000000       0x27 C:/Users/max/programming/Verilog/Cornell_labs/lab2/DDA_nios/software/DDA_nios_bsp/\libhal_bsp.a(alt_errno.o)
 .comment       0x00000000       0x27 C:/Users/max/programming/Verilog/Cornell_labs/lab2/DDA_nios/software/DDA_nios_bsp/\libhal_bsp.a(alt_find_dev.o)
 .comment       0x00000000       0x27 C:/Users/max/programming/Verilog/Cornell_labs/lab2/DDA_nios/software/DDA_nios_bsp/\libhal_bsp.a(alt_icache_flush_all.o)
 .comment       0x00000000       0x27 C:/Users/max/programming/Verilog/Cornell_labs/lab2/DDA_nios/software/DDA_nios_bsp/\libhal_bsp.a(alt_io_redirect.o)
 .comment       0x00000000       0x27 C:/Users/max/programming/Verilog/Cornell_labs/lab2/DDA_nios/software/DDA_nios_bsp/\libhal_bsp.a(alt_open.o)
 .comment       0x00000000       0x27 C:/Users/max/programming/Verilog/Cornell_labs/lab2/DDA_nios/software/DDA_nios_bsp/\libhal_bsp.a(alt_release_fd.o)
 .comment       0x00000000       0x27 C:/Users/max/programming/Verilog/Cornell_labs/lab2/DDA_nios/software/DDA_nios_bsp/\libhal_bsp.a(altera_nios2_qsys_irq.o)
 .comment       0x00000000       0x27 C:/Users/max/programming/Verilog/Cornell_labs/lab2/DDA_nios/software/DDA_nios_bsp/\libhal_bsp.a(alt_find_file.o)
 .comment       0x00000000       0x27 C:/Users/max/programming/Verilog/Cornell_labs/lab2/DDA_nios/software/DDA_nios_bsp/\libhal_bsp.a(alt_get_fd.o)
 .comment       0x00000000       0x27 C:/Users/max/programming/Verilog/Cornell_labs/lab2/DDA_nios/software/DDA_nios_bsp/\libhal_bsp.a(alt_icache_flush.o)
 .comment       0x00000000       0x27 c:/altera/13.0sp1/nios2eds/bin/gnu/h-i686-mingw32/bin/../lib/gcc/nios2-elf/4.1.2/../../../../nios2-elf/lib\libsmallc.a(lib_a-exit.o)
 .comment       0x00000000       0x27 c:/altera/13.0sp1/nios2eds/bin/gnu/h-i686-mingw32/bin/../lib/gcc/nios2-elf/4.1.2/../../../../nios2-elf/lib\libsmallc.a(lib_a-memcmp.o)
 .comment       0x00000000       0x27 c:/altera/13.0sp1/nios2eds/bin/gnu/h-i686-mingw32/bin/../lib/gcc/nios2-elf/4.1.2/../../../../nios2-elf/lib\libsmallc.a(lib_a-strcmp.o)
 .comment       0x00000000       0x27 c:/altera/13.0sp1/nios2eds/bin/gnu/h-i686-mingw32/bin/../lib/gcc/nios2-elf/4.1.2/../../../../nios2-elf/lib\libsmallc.a(lib_a-__call_atexit.o)
 .comment       0x00000000       0x27 C:/Users/max/programming/Verilog/Cornell_labs/lab2/DDA_nios/software/DDA_nios_bsp/\libhal_bsp.a(alt_exit.o)

.debug
 *(.debug)

.line
 *(.line)

.debug_srcinfo
 *(.debug_srcinfo)

.debug_sfnames
 *(.debug_sfnames)

.debug_aranges  0x00000000      0x448
 *(.debug_aranges)
 .debug_aranges
                0x00000000       0x28 C:/Users/max/programming/Verilog/Cornell_labs/lab2/DDA_nios/software/DDA_nios_bsp//obj/HAL/src/crt0.o
 .debug_aranges
                0x00000028       0x20 obj/default/count_binary.o
 .debug_aranges
                0x00000048       0x20 c:/altera/13.0sp1/nios2eds/bin/gnu/h-i686-mingw32/bin/../lib/gcc/nios2-elf/4.1.2/../../../../nios2-elf/lib\libsmallc.a(lib_a-puts.o)
 .debug_aranges
                0x00000068       0x20 c:/altera/13.0sp1/nios2eds/bin/gnu/h-i686-mingw32/bin/../lib/gcc/nios2-elf/4.1.2/../../../../nios2-elf/lib\libsmallc.a(lib_a-strlen.o)
 .debug_aranges
                0x00000088       0x20 c:/altera/13.0sp1/nios2eds/bin/gnu/h-i686-mingw32/bin/../lib/gcc/nios2-elf/4.1.2/../../../../nios2-elf/lib\libsmallc.a(lib_a-fvwrite_small_dev.o)
 .debug_aranges
                0x000000a8       0x20 c:/altera/13.0sp1/nios2eds/bin/gnu/h-i686-mingw32/bin/../lib/gcc/nios2-elf/4.1.2/../../../../nios2-elf/lib\libsmallc.a(lib_a-writer.o)
 .debug_aranges
                0x000000c8       0x20 C:/Users/max/programming/Verilog/Cornell_labs/lab2/DDA_nios/software/DDA_nios_bsp/\libhal_bsp.a(alt_load.o)
 .debug_aranges
                0x000000e8       0x20 C:/Users/max/programming/Verilog/Cornell_labs/lab2/DDA_nios/software/DDA_nios_bsp/\libhal_bsp.a(alt_main.o)
 .debug_aranges
                0x00000108       0x20 C:/Users/max/programming/Verilog/Cornell_labs/lab2/DDA_nios/software/DDA_nios_bsp/\libhal_bsp.a(alt_usleep.o)
 .debug_aranges
                0x00000128       0x20 C:/Users/max/programming/Verilog/Cornell_labs/lab2/DDA_nios/software/DDA_nios_bsp/\libhal_bsp.a(alt_write.o)
 .debug_aranges
                0x00000148       0x20 C:/Users/max/programming/Verilog/Cornell_labs/lab2/DDA_nios/software/DDA_nios_bsp/\libhal_bsp.a(alt_sys_init.o)
 .debug_aranges
                0x00000168       0x20 C:/Users/max/programming/Verilog/Cornell_labs/lab2/DDA_nios/software/DDA_nios_bsp/\libhal_bsp.a(altera_avalon_jtag_uart_fd.o)
 .debug_aranges
                0x00000188       0x20 C:/Users/max/programming/Verilog/Cornell_labs/lab2/DDA_nios/software/DDA_nios_bsp/\libhal_bsp.a(altera_avalon_jtag_uart_read.o)
 .debug_aranges
                0x000001a8       0x20 C:/Users/max/programming/Verilog/Cornell_labs/lab2/DDA_nios/software/DDA_nios_bsp/\libhal_bsp.a(altera_avalon_jtag_uart_write.o)
 .debug_aranges
                0x000001c8       0x20 C:/Users/max/programming/Verilog/Cornell_labs/lab2/DDA_nios/software/DDA_nios_bsp/\libhal_bsp.a(altera_up_avalon_video_character_buffer_with_dma.o)
 .debug_aranges
                0x000001e8       0x20 C:/Users/max/programming/Verilog/Cornell_labs/lab2/DDA_nios/software/DDA_nios_bsp/\libhal_bsp.a(alt_busy_sleep.o)
 .debug_aranges
                0x00000208       0x20 C:/Users/max/programming/Verilog/Cornell_labs/lab2/DDA_nios/software/DDA_nios_bsp/\libhal_bsp.a(alt_close.o)
 .debug_aranges
                0x00000228       0x20 C:/Users/max/programming/Verilog/Cornell_labs/lab2/DDA_nios/software/DDA_nios_bsp/\libhal_bsp.a(alt_dcache_flush_all.o)
 .debug_aranges
                0x00000248       0x20 C:/Users/max/programming/Verilog/Cornell_labs/lab2/DDA_nios/software/DDA_nios_bsp/\libhal_bsp.a(alt_dev.o)
 .debug_aranges
                0x00000268       0x20 C:/Users/max/programming/Verilog/Cornell_labs/lab2/DDA_nios/software/DDA_nios_bsp/\libhal_bsp.a(alt_dev_llist_insert.o)
 .debug_aranges
                0x00000288       0x20 C:/Users/max/programming/Verilog/Cornell_labs/lab2/DDA_nios/software/DDA_nios_bsp/\libhal_bsp.a(alt_find_dev.o)
 .debug_aranges
                0x000002a8       0x20 C:/Users/max/programming/Verilog/Cornell_labs/lab2/DDA_nios/software/DDA_nios_bsp/\libhal_bsp.a(alt_icache_flush_all.o)
 .debug_aranges
                0x000002c8       0x20 C:/Users/max/programming/Verilog/Cornell_labs/lab2/DDA_nios/software/DDA_nios_bsp/\libhal_bsp.a(alt_io_redirect.o)
 .debug_aranges
                0x000002e8       0x20 C:/Users/max/programming/Verilog/Cornell_labs/lab2/DDA_nios/software/DDA_nios_bsp/\libhal_bsp.a(alt_open.o)
 .debug_aranges
                0x00000308       0x20 C:/Users/max/programming/Verilog/Cornell_labs/lab2/DDA_nios/software/DDA_nios_bsp/\libhal_bsp.a(alt_release_fd.o)
 .debug_aranges
                0x00000328       0x20 C:/Users/max/programming/Verilog/Cornell_labs/lab2/DDA_nios/software/DDA_nios_bsp/\libhal_bsp.a(altera_nios2_qsys_irq.o)
 .debug_aranges
                0x00000348       0x20 C:/Users/max/programming/Verilog/Cornell_labs/lab2/DDA_nios/software/DDA_nios_bsp/\libhal_bsp.a(alt_find_file.o)
 .debug_aranges
                0x00000368       0x20 C:/Users/max/programming/Verilog/Cornell_labs/lab2/DDA_nios/software/DDA_nios_bsp/\libhal_bsp.a(alt_get_fd.o)
 .debug_aranges
                0x00000388       0x20 C:/Users/max/programming/Verilog/Cornell_labs/lab2/DDA_nios/software/DDA_nios_bsp/\libhal_bsp.a(alt_icache_flush.o)
 .debug_aranges
                0x000003a8       0x20 c:/altera/13.0sp1/nios2eds/bin/gnu/h-i686-mingw32/bin/../lib/gcc/nios2-elf/4.1.2/../../../../nios2-elf/lib\libsmallc.a(lib_a-exit.o)
 .debug_aranges
                0x000003c8       0x20 c:/altera/13.0sp1/nios2eds/bin/gnu/h-i686-mingw32/bin/../lib/gcc/nios2-elf/4.1.2/../../../../nios2-elf/lib\libsmallc.a(lib_a-memcmp.o)
 .debug_aranges
                0x000003e8       0x20 c:/altera/13.0sp1/nios2eds/bin/gnu/h-i686-mingw32/bin/../lib/gcc/nios2-elf/4.1.2/../../../../nios2-elf/lib\libsmallc.a(lib_a-strcmp.o)
 .debug_aranges
                0x00000408       0x20 c:/altera/13.0sp1/nios2eds/bin/gnu/h-i686-mingw32/bin/../lib/gcc/nios2-elf/4.1.2/../../../../nios2-elf/lib\libsmallc.a(lib_a-__call_atexit.o)
 .debug_aranges
                0x00000428       0x20 C:/Users/max/programming/Verilog/Cornell_labs/lab2/DDA_nios/software/DDA_nios_bsp/\libhal_bsp.a(alt_exit.o)

.debug_pubnames
                0x00000000      0x681
 *(.debug_pubnames)
 .debug_pubnames
                0x00000000       0x62 obj/default/count_binary.o
 .debug_pubnames
                0x00000062       0x27 c:/altera/13.0sp1/nios2eds/bin/gnu/h-i686-mingw32/bin/../lib/gcc/nios2-elf/4.1.2/../../../../nios2-elf/lib\libsmallc.a(lib_a-puts.o)
 .debug_pubnames
                0x00000089       0x1d c:/altera/13.0sp1/nios2eds/bin/gnu/h-i686-mingw32/bin/../lib/gcc/nios2-elf/4.1.2/../../../../nios2-elf/lib\libsmallc.a(lib_a-strlen.o)
 .debug_pubnames
                0x000000a6       0x2b c:/altera/13.0sp1/nios2eds/bin/gnu/h-i686-mingw32/bin/../lib/gcc/nios2-elf/4.1.2/../../../../nios2-elf/lib\libsmallc.a(lib_a-fvwrite_small_dev.o)
 .debug_pubnames
                0x000000d1       0x39 c:/altera/13.0sp1/nios2eds/bin/gnu/h-i686-mingw32/bin/../lib/gcc/nios2-elf/4.1.2/../../../../nios2-elf/lib\libsmallc.a(lib_a-impure.o)
 .debug_pubnames
                0x0000010a       0x1f c:/altera/13.0sp1/nios2eds/bin/gnu/h-i686-mingw32/bin/../lib/gcc/nios2-elf/4.1.2/../../../../nios2-elf/lib\libsmallc.a(lib_a-writer.o)
 .debug_pubnames
                0x00000129       0x1c c:/altera/13.0sp1/nios2eds/bin/gnu/h-i686-mingw32/bin/../lib/gcc/nios2-elf/4.1.2/../../../../nios2-elf/lib\libsmallc.a(lib_a-int_errno.o)
 .debug_pubnames
                0x00000145       0x1f C:/Users/max/programming/Verilog/Cornell_labs/lab2/DDA_nios/software/DDA_nios_bsp/\libhal_bsp.a(alt_load.o)
 .debug_pubnames
                0x00000164       0x46 C:/Users/max/programming/Verilog/Cornell_labs/lab2/DDA_nios/software/DDA_nios_bsp/\libhal_bsp.a(alt_main.o)
 .debug_pubnames
                0x000001aa       0x1d C:/Users/max/programming/Verilog/Cornell_labs/lab2/DDA_nios/software/DDA_nios_bsp/\libhal_bsp.a(alt_usleep.o)
 .debug_pubnames
                0x000001c7       0x1c C:/Users/max/programming/Verilog/Cornell_labs/lab2/DDA_nios/software/DDA_nios_bsp/\libhal_bsp.a(alt_write.o)
 .debug_pubnames
                0x000001e3       0x34 C:/Users/max/programming/Verilog/Cornell_labs/lab2/DDA_nios/software/DDA_nios_bsp/\libhal_bsp.a(alt_sys_init.o)
 .debug_pubnames
                0x00000217       0x5b C:/Users/max/programming/Verilog/Cornell_labs/lab2/DDA_nios/software/DDA_nios_bsp/\libhal_bsp.a(altera_avalon_jtag_uart_fd.o)
 .debug_pubnames
                0x00000272       0x33 C:/Users/max/programming/Verilog/Cornell_labs/lab2/DDA_nios/software/DDA_nios_bsp/\libhal_bsp.a(altera_avalon_jtag_uart_read.o)
 .debug_pubnames
                0x000002a5       0x34 C:/Users/max/programming/Verilog/Cornell_labs/lab2/DDA_nios/software/DDA_nios_bsp/\libhal_bsp.a(altera_avalon_jtag_uart_write.o)
 .debug_pubnames
                0x000002d9       0xa5 C:/Users/max/programming/Verilog/Cornell_labs/lab2/DDA_nios/software/DDA_nios_bsp/\libhal_bsp.a(altera_up_avalon_video_character_buffer_with_dma.o)
 .debug_pubnames
                0x0000037e       0x25 C:/Users/max/programming/Verilog/Cornell_labs/lab2/DDA_nios/software/DDA_nios_bsp/\libhal_bsp.a(alt_busy_sleep.o)
 .debug_pubnames
                0x000003a3       0x1c C:/Users/max/programming/Verilog/Cornell_labs/lab2/DDA_nios/software/DDA_nios_bsp/\libhal_bsp.a(alt_close.o)
 .debug_pubnames
                0x000003bf       0x2b C:/Users/max/programming/Verilog/Cornell_labs/lab2/DDA_nios/software/DDA_nios_bsp/\libhal_bsp.a(alt_dcache_flush_all.o)
 .debug_pubnames
                0x000003ea       0x63 C:/Users/max/programming/Verilog/Cornell_labs/lab2/DDA_nios/software/DDA_nios_bsp/\libhal_bsp.a(alt_dev.o)
 .debug_pubnames
                0x0000044d       0x2b C:/Users/max/programming/Verilog/Cornell_labs/lab2/DDA_nios/software/DDA_nios_bsp/\libhal_bsp.a(alt_dev_llist_insert.o)
 .debug_pubnames
                0x00000478       0x20 C:/Users/max/programming/Verilog/Cornell_labs/lab2/DDA_nios/software/DDA_nios_bsp/\libhal_bsp.a(alt_errno.o)
 .debug_pubnames
                0x00000498       0x23 C:/Users/max/programming/Verilog/Cornell_labs/lab2/DDA_nios/software/DDA_nios_bsp/\libhal_bsp.a(alt_find_dev.o)
 .debug_pubnames
                0x000004bb       0x2b C:/Users/max/programming/Verilog/Cornell_labs/lab2/DDA_nios/software/DDA_nios_bsp/\libhal_bsp.a(alt_icache_flush_all.o)
 .debug_pubnames
                0x000004e6       0x26 C:/Users/max/programming/Verilog/Cornell_labs/lab2/DDA_nios/software/DDA_nios_bsp/\libhal_bsp.a(alt_io_redirect.o)
 .debug_pubnames
                0x0000050c       0x1b C:/Users/max/programming/Verilog/Cornell_labs/lab2/DDA_nios/software/DDA_nios_bsp/\libhal_bsp.a(alt_open.o)
 .debug_pubnames
                0x00000527       0x25 C:/Users/max/programming/Verilog/Cornell_labs/lab2/DDA_nios/software/DDA_nios_bsp/\libhal_bsp.a(alt_release_fd.o)
 .debug_pubnames
                0x0000054c       0x31 C:/Users/max/programming/Verilog/Cornell_labs/lab2/DDA_nios/software/DDA_nios_bsp/\libhal_bsp.a(altera_nios2_qsys_irq.o)
 .debug_pubnames
                0x0000057d       0x24 C:/Users/max/programming/Verilog/Cornell_labs/lab2/DDA_nios/software/DDA_nios_bsp/\libhal_bsp.a(alt_find_file.o)
 .debug_pubnames
                0x000005a1       0x21 C:/Users/max/programming/Verilog/Cornell_labs/lab2/DDA_nios/software/DDA_nios_bsp/\libhal_bsp.a(alt_get_fd.o)
 .debug_pubnames
                0x000005c2       0x27 C:/Users/max/programming/Verilog/Cornell_labs/lab2/DDA_nios/software/DDA_nios_bsp/\libhal_bsp.a(alt_icache_flush.o)
 .debug_pubnames
                0x000005e9       0x1b c:/altera/13.0sp1/nios2eds/bin/gnu/h-i686-mingw32/bin/../lib/gcc/nios2-elf/4.1.2/../../../../nios2-elf/lib\libsmallc.a(lib_a-exit.o)
 .debug_pubnames
                0x00000604       0x1d c:/altera/13.0sp1/nios2eds/bin/gnu/h-i686-mingw32/bin/../lib/gcc/nios2-elf/4.1.2/../../../../nios2-elf/lib\libsmallc.a(lib_a-memcmp.o)
 .debug_pubnames
                0x00000621       0x1d c:/altera/13.0sp1/nios2eds/bin/gnu/h-i686-mingw32/bin/../lib/gcc/nios2-elf/4.1.2/../../../../nios2-elf/lib\libsmallc.a(lib_a-strcmp.o)
 .debug_pubnames
                0x0000063e       0x27 c:/altera/13.0sp1/nios2eds/bin/gnu/h-i686-mingw32/bin/../lib/gcc/nios2-elf/4.1.2/../../../../nios2-elf/lib\libsmallc.a(lib_a-__call_atexit.o)
 .debug_pubnames
                0x00000665       0x1c C:/Users/max/programming/Verilog/Cornell_labs/lab2/DDA_nios/software/DDA_nios_bsp/\libhal_bsp.a(alt_exit.o)

.debug_info     0x00000000     0x878f
 *(.debug_info .gnu.linkonce.wi.*)
 .debug_info    0x00000000       0x83 C:/Users/max/programming/Verilog/Cornell_labs/lab2/DDA_nios/software/DDA_nios_bsp//obj/HAL/src/crt0.o
 .debug_info    0x00000083      0x759 obj/default/count_binary.o
 .debug_info    0x000007dc      0x685 c:/altera/13.0sp1/nios2eds/bin/gnu/h-i686-mingw32/bin/../lib/gcc/nios2-elf/4.1.2/../../../../nios2-elf/lib\libsmallc.a(lib_a-puts.o)
 .debug_info    0x00000e61       0xc2 c:/altera/13.0sp1/nios2eds/bin/gnu/h-i686-mingw32/bin/../lib/gcc/nios2-elf/4.1.2/../../../../nios2-elf/lib\libsmallc.a(lib_a-strlen.o)
 .debug_info    0x00000f23      0x68e c:/altera/13.0sp1/nios2eds/bin/gnu/h-i686-mingw32/bin/../lib/gcc/nios2-elf/4.1.2/../../../../nios2-elf/lib\libsmallc.a(lib_a-fvwrite_small_dev.o)
 .debug_info    0x000015b1      0x636 c:/altera/13.0sp1/nios2eds/bin/gnu/h-i686-mingw32/bin/../lib/gcc/nios2-elf/4.1.2/../../../../nios2-elf/lib\libsmallc.a(lib_a-impure.o)
 .debug_info    0x00001be7      0x68c c:/altera/13.0sp1/nios2eds/bin/gnu/h-i686-mingw32/bin/../lib/gcc/nios2-elf/4.1.2/../../../../nios2-elf/lib\libsmallc.a(lib_a-writer.o)
 .debug_info    0x00002273       0x8c c:/altera/13.0sp1/nios2eds/bin/gnu/h-i686-mingw32/bin/../lib/gcc/nios2-elf/4.1.2/../../../../nios2-elf/lib\libsmallc.a(lib_a-int_errno.o)
 .debug_info    0x000022ff      0x295 C:/Users/max/programming/Verilog/Cornell_labs/lab2/DDA_nios/software/DDA_nios_bsp/\libhal_bsp.a(alt_load.o)
 .debug_info    0x00002594      0x22d C:/Users/max/programming/Verilog/Cornell_labs/lab2/DDA_nios/software/DDA_nios_bsp/\libhal_bsp.a(alt_main.o)
 .debug_info    0x000027c1      0x170 C:/Users/max/programming/Verilog/Cornell_labs/lab2/DDA_nios/software/DDA_nios_bsp/\libhal_bsp.a(alt_usleep.o)
 .debug_info    0x00002931      0x69b C:/Users/max/programming/Verilog/Cornell_labs/lab2/DDA_nios/software/DDA_nios_bsp/\libhal_bsp.a(alt_write.o)
 .debug_info    0x00002fcc      0x796 C:/Users/max/programming/Verilog/Cornell_labs/lab2/DDA_nios/software/DDA_nios_bsp/\libhal_bsp.a(alt_sys_init.o)
 .debug_info    0x00003762      0x5c1 C:/Users/max/programming/Verilog/Cornell_labs/lab2/DDA_nios/software/DDA_nios_bsp/\libhal_bsp.a(altera_avalon_jtag_uart_fd.o)
 .debug_info    0x00003d23      0x311 C:/Users/max/programming/Verilog/Cornell_labs/lab2/DDA_nios/software/DDA_nios_bsp/\libhal_bsp.a(altera_avalon_jtag_uart_read.o)
 .debug_info    0x00004034      0x2ee C:/Users/max/programming/Verilog/Cornell_labs/lab2/DDA_nios/software/DDA_nios_bsp/\libhal_bsp.a(altera_avalon_jtag_uart_write.o)
 .debug_info    0x00004322      0x69a C:/Users/max/programming/Verilog/Cornell_labs/lab2/DDA_nios/software/DDA_nios_bsp/\libhal_bsp.a(altera_up_avalon_video_character_buffer_with_dma.o)
 .debug_info    0x000049bc      0x1b3 C:/Users/max/programming/Verilog/Cornell_labs/lab2/DDA_nios/software/DDA_nios_bsp/\libhal_bsp.a(alt_busy_sleep.o)
 .debug_info    0x00004b6f      0x46f C:/Users/max/programming/Verilog/Cornell_labs/lab2/DDA_nios/software/DDA_nios_bsp/\libhal_bsp.a(alt_close.o)
 .debug_info    0x00004fde      0x164 C:/Users/max/programming/Verilog/Cornell_labs/lab2/DDA_nios/software/DDA_nios_bsp/\libhal_bsp.a(alt_dcache_flush_all.o)
 .debug_info    0x00005142      0x687 C:/Users/max/programming/Verilog/Cornell_labs/lab2/DDA_nios/software/DDA_nios_bsp/\libhal_bsp.a(alt_dev.o)
 .debug_info    0x000057c9      0x2bf C:/Users/max/programming/Verilog/Cornell_labs/lab2/DDA_nios/software/DDA_nios_bsp/\libhal_bsp.a(alt_dev_llist_insert.o)
 .debug_info    0x00005a88      0x16c C:/Users/max/programming/Verilog/Cornell_labs/lab2/DDA_nios/software/DDA_nios_bsp/\libhal_bsp.a(alt_errno.o)
 .debug_info    0x00005bf4      0x420 C:/Users/max/programming/Verilog/Cornell_labs/lab2/DDA_nios/software/DDA_nios_bsp/\libhal_bsp.a(alt_find_dev.o)
 .debug_info    0x00006014      0x164 C:/Users/max/programming/Verilog/Cornell_labs/lab2/DDA_nios/software/DDA_nios_bsp/\libhal_bsp.a(alt_icache_flush_all.o)
 .debug_info    0x00006178      0x69d C:/Users/max/programming/Verilog/Cornell_labs/lab2/DDA_nios/software/DDA_nios_bsp/\libhal_bsp.a(alt_io_redirect.o)
 .debug_info    0x00006815      0x52d C:/Users/max/programming/Verilog/Cornell_labs/lab2/DDA_nios/software/DDA_nios_bsp/\libhal_bsp.a(alt_open.o)
 .debug_info    0x00006d42      0x3fa C:/Users/max/programming/Verilog/Cornell_labs/lab2/DDA_nios/software/DDA_nios_bsp/\libhal_bsp.a(alt_release_fd.o)
 .debug_info    0x0000713c      0x16b C:/Users/max/programming/Verilog/Cornell_labs/lab2/DDA_nios/software/DDA_nios_bsp/\libhal_bsp.a(altera_nios2_qsys_irq.o)
 .debug_info    0x000072a7      0x427 C:/Users/max/programming/Verilog/Cornell_labs/lab2/DDA_nios/software/DDA_nios_bsp/\libhal_bsp.a(alt_find_file.o)
 .debug_info    0x000076ce      0x468 C:/Users/max/programming/Verilog/Cornell_labs/lab2/DDA_nios/software/DDA_nios_bsp/\libhal_bsp.a(alt_get_fd.o)
 .debug_info    0x00007b36      0x1ac C:/Users/max/programming/Verilog/Cornell_labs/lab2/DDA_nios/software/DDA_nios_bsp/\libhal_bsp.a(alt_icache_flush.o)
 .debug_info    0x00007ce2       0x9f c:/altera/13.0sp1/nios2eds/bin/gnu/h-i686-mingw32/bin/../lib/gcc/nios2-elf/4.1.2/../../../../nios2-elf/lib\libsmallc.a(lib_a-exit.o)
 .debug_info    0x00007d81       0xef c:/altera/13.0sp1/nios2eds/bin/gnu/h-i686-mingw32/bin/../lib/gcc/nios2-elf/4.1.2/../../../../nios2-elf/lib\libsmallc.a(lib_a-memcmp.o)
 .debug_info    0x00007e70       0xb5 c:/altera/13.0sp1/nios2eds/bin/gnu/h-i686-mingw32/bin/../lib/gcc/nios2-elf/4.1.2/../../../../nios2-elf/lib\libsmallc.a(lib_a-strcmp.o)
 .debug_info    0x00007f25      0x6d5 c:/altera/13.0sp1/nios2eds/bin/gnu/h-i686-mingw32/bin/../lib/gcc/nios2-elf/4.1.2/../../../../nios2-elf/lib\libsmallc.a(lib_a-__call_atexit.o)
 .debug_info    0x000085fa      0x195 C:/Users/max/programming/Verilog/Cornell_labs/lab2/DDA_nios/software/DDA_nios_bsp/\libhal_bsp.a(alt_exit.o)

.debug_abbrev   0x00000000     0x1c43
 *(.debug_abbrev)
 .debug_abbrev  0x00000000       0x12 C:/Users/max/programming/Verilog/Cornell_labs/lab2/DDA_nios/software/DDA_nios_bsp//obj/HAL/src/crt0.o
 .debug_abbrev  0x00000012      0x13f obj/default/count_binary.o
 .debug_abbrev  0x00000151      0x180 c:/altera/13.0sp1/nios2eds/bin/gnu/h-i686-mingw32/bin/../lib/gcc/nios2-elf/4.1.2/../../../../nios2-elf/lib\libsmallc.a(lib_a-puts.o)
 .debug_abbrev  0x000002d1       0x7a c:/altera/13.0sp1/nios2eds/bin/gnu/h-i686-mingw32/bin/../lib/gcc/nios2-elf/4.1.2/../../../../nios2-elf/lib\libsmallc.a(lib_a-strlen.o)
 .debug_abbrev  0x0000034b      0x179 c:/altera/13.0sp1/nios2eds/bin/gnu/h-i686-mingw32/bin/../lib/gcc/nios2-elf/4.1.2/../../../../nios2-elf/lib\libsmallc.a(lib_a-fvwrite_small_dev.o)
 .debug_abbrev  0x000004c4      0x13f c:/altera/13.0sp1/nios2eds/bin/gnu/h-i686-mingw32/bin/../lib/gcc/nios2-elf/4.1.2/../../../../nios2-elf/lib\libsmallc.a(lib_a-impure.o)
 .debug_abbrev  0x00000603      0x16c c:/altera/13.0sp1/nios2eds/bin/gnu/h-i686-mingw32/bin/../lib/gcc/nios2-elf/4.1.2/../../../../nios2-elf/lib\libsmallc.a(lib_a-writer.o)
 .debug_abbrev  0x0000076f       0x3b c:/altera/13.0sp1/nios2eds/bin/gnu/h-i686-mingw32/bin/../lib/gcc/nios2-elf/4.1.2/../../../../nios2-elf/lib\libsmallc.a(lib_a-int_errno.o)
 .debug_abbrev  0x000007aa       0x88 C:/Users/max/programming/Verilog/Cornell_labs/lab2/DDA_nios/software/DDA_nios_bsp/\libhal_bsp.a(alt_load.o)
 .debug_abbrev  0x00000832       0xb7 C:/Users/max/programming/Verilog/Cornell_labs/lab2/DDA_nios/software/DDA_nios_bsp/\libhal_bsp.a(alt_main.o)
 .debug_abbrev  0x000008e9       0x5d C:/Users/max/programming/Verilog/Cornell_labs/lab2/DDA_nios/software/DDA_nios_bsp/\libhal_bsp.a(alt_usleep.o)
 .debug_abbrev  0x00000946      0x100 C:/Users/max/programming/Verilog/Cornell_labs/lab2/DDA_nios/software/DDA_nios_bsp/\libhal_bsp.a(alt_write.o)
 .debug_abbrev  0x00000a46      0x140 C:/Users/max/programming/Verilog/Cornell_labs/lab2/DDA_nios/software/DDA_nios_bsp/\libhal_bsp.a(alt_sys_init.o)
 .debug_abbrev  0x00000b86       0xcb C:/Users/max/programming/Verilog/Cornell_labs/lab2/DDA_nios/software/DDA_nios_bsp/\libhal_bsp.a(altera_avalon_jtag_uart_fd.o)
 .debug_abbrev  0x00000c51       0xb6 C:/Users/max/programming/Verilog/Cornell_labs/lab2/DDA_nios/software/DDA_nios_bsp/\libhal_bsp.a(altera_avalon_jtag_uart_read.o)
 .debug_abbrev  0x00000d07       0xb4 C:/Users/max/programming/Verilog/Cornell_labs/lab2/DDA_nios/software/DDA_nios_bsp/\libhal_bsp.a(altera_avalon_jtag_uart_write.o)
 .debug_abbrev  0x00000dbb      0x111 C:/Users/max/programming/Verilog/Cornell_labs/lab2/DDA_nios/software/DDA_nios_bsp/\libhal_bsp.a(altera_up_avalon_video_character_buffer_with_dma.o)
 .debug_abbrev  0x00000ecc       0x6c C:/Users/max/programming/Verilog/Cornell_labs/lab2/DDA_nios/software/DDA_nios_bsp/\libhal_bsp.a(alt_busy_sleep.o)
 .debug_abbrev  0x00000f38       0xfb C:/Users/max/programming/Verilog/Cornell_labs/lab2/DDA_nios/software/DDA_nios_bsp/\libhal_bsp.a(alt_close.o)
 .debug_abbrev  0x00001033       0x3f C:/Users/max/programming/Verilog/Cornell_labs/lab2/DDA_nios/software/DDA_nios_bsp/\libhal_bsp.a(alt_dcache_flush_all.o)
 .debug_abbrev  0x00001072       0xc7 C:/Users/max/programming/Verilog/Cornell_labs/lab2/DDA_nios/software/DDA_nios_bsp/\libhal_bsp.a(alt_dev.o)
 .debug_abbrev  0x00001139       0xf6 C:/Users/max/programming/Verilog/Cornell_labs/lab2/DDA_nios/software/DDA_nios_bsp/\libhal_bsp.a(alt_dev_llist_insert.o)
 .debug_abbrev  0x0000122f       0x5e C:/Users/max/programming/Verilog/Cornell_labs/lab2/DDA_nios/software/DDA_nios_bsp/\libhal_bsp.a(alt_errno.o)
 .debug_abbrev  0x0000128d       0xcf C:/Users/max/programming/Verilog/Cornell_labs/lab2/DDA_nios/software/DDA_nios_bsp/\libhal_bsp.a(alt_find_dev.o)
 .debug_abbrev  0x0000135c       0x3f C:/Users/max/programming/Verilog/Cornell_labs/lab2/DDA_nios/software/DDA_nios_bsp/\libhal_bsp.a(alt_icache_flush_all.o)
 .debug_abbrev  0x0000139b       0xf0 C:/Users/max/programming/Verilog/Cornell_labs/lab2/DDA_nios/software/DDA_nios_bsp/\libhal_bsp.a(alt_io_redirect.o)
 .debug_abbrev  0x0000148b      0x112 C:/Users/max/programming/Verilog/Cornell_labs/lab2/DDA_nios/software/DDA_nios_bsp/\libhal_bsp.a(alt_open.o)
 .debug_abbrev  0x0000159d       0xc1 C:/Users/max/programming/Verilog/Cornell_labs/lab2/DDA_nios/software/DDA_nios_bsp/\libhal_bsp.a(alt_release_fd.o)
 .debug_abbrev  0x0000165e       0x3f C:/Users/max/programming/Verilog/Cornell_labs/lab2/DDA_nios/software/DDA_nios_bsp/\libhal_bsp.a(altera_nios2_qsys_irq.o)
 .debug_abbrev  0x0000169d       0xcf C:/Users/max/programming/Verilog/Cornell_labs/lab2/DDA_nios/software/DDA_nios_bsp/\libhal_bsp.a(alt_find_file.o)
 .debug_abbrev  0x0000176c       0xfb C:/Users/max/programming/Verilog/Cornell_labs/lab2/DDA_nios/software/DDA_nios_bsp/\libhal_bsp.a(alt_get_fd.o)
 .debug_abbrev  0x00001867       0x7a C:/Users/max/programming/Verilog/Cornell_labs/lab2/DDA_nios/software/DDA_nios_bsp/\libhal_bsp.a(alt_icache_flush.o)
 .debug_abbrev  0x000018e1       0x4e c:/altera/13.0sp1/nios2eds/bin/gnu/h-i686-mingw32/bin/../lib/gcc/nios2-elf/4.1.2/../../../../nios2-elf/lib\libsmallc.a(lib_a-exit.o)
 .debug_abbrev  0x0000192f       0x7c c:/altera/13.0sp1/nios2eds/bin/gnu/h-i686-mingw32/bin/../lib/gcc/nios2-elf/4.1.2/../../../../nios2-elf/lib\libsmallc.a(lib_a-memcmp.o)
 .debug_abbrev  0x000019ab       0x60 c:/altera/13.0sp1/nios2eds/bin/gnu/h-i686-mingw32/bin/../lib/gcc/nios2-elf/4.1.2/../../../../nios2-elf/lib\libsmallc.a(lib_a-strcmp.o)
 .debug_abbrev  0x00001a0b      0x1c6 c:/altera/13.0sp1/nios2eds/bin/gnu/h-i686-mingw32/bin/../lib/gcc/nios2-elf/4.1.2/../../../../nios2-elf/lib\libsmallc.a(lib_a-__call_atexit.o)
 .debug_abbrev  0x00001bd1       0x72 C:/Users/max/programming/Verilog/Cornell_labs/lab2/DDA_nios/software/DDA_nios_bsp/\libhal_bsp.a(alt_exit.o)

.debug_line     0x00000000     0x5a62
 *(.debug_line)
 .debug_line    0x00000000       0x6c C:/Users/max/programming/Verilog/Cornell_labs/lab2/DDA_nios/software/DDA_nios_bsp//obj/HAL/src/crt0.o
 .debug_line    0x0000006c      0x655 obj/default/count_binary.o
 .debug_line    0x000006c1      0x2af c:/altera/13.0sp1/nios2eds/bin/gnu/h-i686-mingw32/bin/../lib/gcc/nios2-elf/4.1.2/../../../../nios2-elf/lib\libsmallc.a(lib_a-puts.o)
 .debug_line    0x00000970      0x24d c:/altera/13.0sp1/nios2eds/bin/gnu/h-i686-mingw32/bin/../lib/gcc/nios2-elf/4.1.2/../../../../nios2-elf/lib\libsmallc.a(lib_a-strlen.o)
 .debug_line    0x00000bbd      0x2a6 c:/altera/13.0sp1/nios2eds/bin/gnu/h-i686-mingw32/bin/../lib/gcc/nios2-elf/4.1.2/../../../../nios2-elf/lib\libsmallc.a(lib_a-fvwrite_small_dev.o)
 .debug_line    0x00000e63      0x22d c:/altera/13.0sp1/nios2eds/bin/gnu/h-i686-mingw32/bin/../lib/gcc/nios2-elf/4.1.2/../../../../nios2-elf/lib\libsmallc.a(lib_a-impure.o)
 .debug_line    0x00001090      0x29a c:/altera/13.0sp1/nios2eds/bin/gnu/h-i686-mingw32/bin/../lib/gcc/nios2-elf/4.1.2/../../../../nios2-elf/lib\libsmallc.a(lib_a-writer.o)
 .debug_line    0x0000132a      0x1df c:/altera/13.0sp1/nios2eds/bin/gnu/h-i686-mingw32/bin/../lib/gcc/nios2-elf/4.1.2/../../../../nios2-elf/lib\libsmallc.a(lib_a-int_errno.o)
 .debug_line    0x00001509      0x217 C:/Users/max/programming/Verilog/Cornell_labs/lab2/DDA_nios/software/DDA_nios_bsp/\libhal_bsp.a(alt_load.o)
 .debug_line    0x00001720      0x2ba C:/Users/max/programming/Verilog/Cornell_labs/lab2/DDA_nios/software/DDA_nios_bsp/\libhal_bsp.a(alt_main.o)
 .debug_line    0x000019da      0x202 C:/Users/max/programming/Verilog/Cornell_labs/lab2/DDA_nios/software/DDA_nios_bsp/\libhal_bsp.a(alt_usleep.o)
 .debug_line    0x00001bdc      0x2c9 C:/Users/max/programming/Verilog/Cornell_labs/lab2/DDA_nios/software/DDA_nios_bsp/\libhal_bsp.a(alt_write.o)
 .debug_line    0x00001ea5      0x319 C:/Users/max/programming/Verilog/Cornell_labs/lab2/DDA_nios/software/DDA_nios_bsp/\libhal_bsp.a(alt_sys_init.o)
 .debug_line    0x000021be      0x1d7 C:/Users/max/programming/Verilog/Cornell_labs/lab2/DDA_nios/software/DDA_nios_bsp/\libhal_bsp.a(altera_avalon_jtag_uart_fd.o)
 .debug_line    0x00002395      0x343 C:/Users/max/programming/Verilog/Cornell_labs/lab2/DDA_nios/software/DDA_nios_bsp/\libhal_bsp.a(altera_avalon_jtag_uart_read.o)
 .debug_line    0x000026d8      0x304 C:/Users/max/programming/Verilog/Cornell_labs/lab2/DDA_nios/software/DDA_nios_bsp/\libhal_bsp.a(altera_avalon_jtag_uart_write.o)
 .debug_line    0x000029dc      0x395 C:/Users/max/programming/Verilog/Cornell_labs/lab2/DDA_nios/software/DDA_nios_bsp/\libhal_bsp.a(altera_up_avalon_video_character_buffer_with_dma.o)
 .debug_line    0x00002d71      0x25c C:/Users/max/programming/Verilog/Cornell_labs/lab2/DDA_nios/software/DDA_nios_bsp/\libhal_bsp.a(alt_busy_sleep.o)
 .debug_line    0x00002fcd      0x299 C:/Users/max/programming/Verilog/Cornell_labs/lab2/DDA_nios/software/DDA_nios_bsp/\libhal_bsp.a(alt_close.o)
 .debug_line    0x00003266      0x1b5 C:/Users/max/programming/Verilog/Cornell_labs/lab2/DDA_nios/software/DDA_nios_bsp/\libhal_bsp.a(alt_dcache_flush_all.o)
 .debug_line    0x0000341b      0x254 C:/Users/max/programming/Verilog/Cornell_labs/lab2/DDA_nios/software/DDA_nios_bsp/\libhal_bsp.a(alt_dev.o)
 .debug_line    0x0000366f      0x25a C:/Users/max/programming/Verilog/Cornell_labs/lab2/DDA_nios/software/DDA_nios_bsp/\libhal_bsp.a(alt_dev_llist_insert.o)
 .debug_line    0x000038c9      0x1aa C:/Users/max/programming/Verilog/Cornell_labs/lab2/DDA_nios/software/DDA_nios_bsp/\libhal_bsp.a(alt_errno.o)
 .debug_line    0x00003a73      0x26b C:/Users/max/programming/Verilog/Cornell_labs/lab2/DDA_nios/software/DDA_nios_bsp/\libhal_bsp.a(alt_find_dev.o)
 .debug_line    0x00003cde      0x1bd C:/Users/max/programming/Verilog/Cornell_labs/lab2/DDA_nios/software/DDA_nios_bsp/\libhal_bsp.a(alt_icache_flush_all.o)
 .debug_line    0x00003e9b      0x2b4 C:/Users/max/programming/Verilog/Cornell_labs/lab2/DDA_nios/software/DDA_nios_bsp/\libhal_bsp.a(alt_io_redirect.o)
 .debug_line    0x0000414f      0x2ff C:/Users/max/programming/Verilog/Cornell_labs/lab2/DDA_nios/software/DDA_nios_bsp/\libhal_bsp.a(alt_open.o)
 .debug_line    0x0000444e       0xed C:/Users/max/programming/Verilog/Cornell_labs/lab2/DDA_nios/software/DDA_nios_bsp/\libhal_bsp.a(alt_release_fd.o)
 .debug_line    0x0000453b      0x1ce C:/Users/max/programming/Verilog/Cornell_labs/lab2/DDA_nios/software/DDA_nios_bsp/\libhal_bsp.a(altera_nios2_qsys_irq.o)
 .debug_line    0x00004709      0x27c C:/Users/max/programming/Verilog/Cornell_labs/lab2/DDA_nios/software/DDA_nios_bsp/\libhal_bsp.a(alt_find_file.o)
 .debug_line    0x00004985      0x297 C:/Users/max/programming/Verilog/Cornell_labs/lab2/DDA_nios/software/DDA_nios_bsp/\libhal_bsp.a(alt_get_fd.o)
 .debug_line    0x00004c1c      0x1f9 C:/Users/max/programming/Verilog/Cornell_labs/lab2/DDA_nios/software/DDA_nios_bsp/\libhal_bsp.a(alt_icache_flush.o)
 .debug_line    0x00004e15      0x220 c:/altera/13.0sp1/nios2eds/bin/gnu/h-i686-mingw32/bin/../lib/gcc/nios2-elf/4.1.2/../../../../nios2-elf/lib\libsmallc.a(lib_a-exit.o)
 .debug_line    0x00005035      0x26d c:/altera/13.0sp1/nios2eds/bin/gnu/h-i686-mingw32/bin/../lib/gcc/nios2-elf/4.1.2/../../../../nios2-elf/lib\libsmallc.a(lib_a-memcmp.o)
 .debug_line    0x000052a2      0x25d c:/altera/13.0sp1/nios2eds/bin/gnu/h-i686-mingw32/bin/../lib/gcc/nios2-elf/4.1.2/../../../../nios2-elf/lib\libsmallc.a(lib_a-strcmp.o)
 .debug_line    0x000054ff      0x35d c:/altera/13.0sp1/nios2eds/bin/gnu/h-i686-mingw32/bin/../lib/gcc/nios2-elf/4.1.2/../../../../nios2-elf/lib\libsmallc.a(lib_a-__call_atexit.o)
 .debug_line    0x0000585c      0x206 C:/Users/max/programming/Verilog/Cornell_labs/lab2/DDA_nios/software/DDA_nios_bsp/\libhal_bsp.a(alt_exit.o)

.debug_frame    0x00000000      0x840
 *(.debug_frame)
 .debug_frame   0x00000000      0x10c obj/default/count_binary.o
 .debug_frame   0x0000010c       0x3c c:/altera/13.0sp1/nios2eds/bin/gnu/h-i686-mingw32/bin/../lib/gcc/nios2-elf/4.1.2/../../../../nios2-elf/lib\libsmallc.a(lib_a-puts.o)
 .debug_frame   0x00000148       0x20 c:/altera/13.0sp1/nios2eds/bin/gnu/h-i686-mingw32/bin/../lib/gcc/nios2-elf/4.1.2/../../../../nios2-elf/lib\libsmallc.a(lib_a-strlen.o)
 .debug_frame   0x00000168       0x30 c:/altera/13.0sp1/nios2eds/bin/gnu/h-i686-mingw32/bin/../lib/gcc/nios2-elf/4.1.2/../../../../nios2-elf/lib\libsmallc.a(lib_a-fvwrite_small_dev.o)
 .debug_frame   0x00000198       0x2c c:/altera/13.0sp1/nios2eds/bin/gnu/h-i686-mingw32/bin/../lib/gcc/nios2-elf/4.1.2/../../../../nios2-elf/lib\libsmallc.a(lib_a-writer.o)
 .debug_frame   0x000001c4       0x48 C:/Users/max/programming/Verilog/Cornell_labs/lab2/DDA_nios/software/DDA_nios_bsp/\libhal_bsp.a(alt_load.o)
 .debug_frame   0x0000020c       0x2c C:/Users/max/programming/Verilog/Cornell_labs/lab2/DDA_nios/software/DDA_nios_bsp/\libhal_bsp.a(alt_main.o)
 .debug_frame   0x00000238       0x2c C:/Users/max/programming/Verilog/Cornell_labs/lab2/DDA_nios/software/DDA_nios_bsp/\libhal_bsp.a(alt_usleep.o)
 .debug_frame   0x00000264       0x48 C:/Users/max/programming/Verilog/Cornell_labs/lab2/DDA_nios/software/DDA_nios_bsp/\libhal_bsp.a(alt_write.o)
 .debug_frame   0x000002ac       0x64 C:/Users/max/programming/Verilog/Cornell_labs/lab2/DDA_nios/software/DDA_nios_bsp/\libhal_bsp.a(alt_sys_init.o)
 .debug_frame   0x00000310       0x48 C:/Users/max/programming/Verilog/Cornell_labs/lab2/DDA_nios/software/DDA_nios_bsp/\libhal_bsp.a(altera_avalon_jtag_uart_fd.o)
 .debug_frame   0x00000358       0x2c C:/Users/max/programming/Verilog/Cornell_labs/lab2/DDA_nios/software/DDA_nios_bsp/\libhal_bsp.a(altera_avalon_jtag_uart_read.o)
 .debug_frame   0x00000384       0x2c C:/Users/max/programming/Verilog/Cornell_labs/lab2/DDA_nios/software/DDA_nios_bsp/\libhal_bsp.a(altera_avalon_jtag_uart_write.o)
 .debug_frame   0x000003b0       0x9c C:/Users/max/programming/Verilog/Cornell_labs/lab2/DDA_nios/software/DDA_nios_bsp/\libhal_bsp.a(altera_up_avalon_video_character_buffer_with_dma.o)
 .debug_frame   0x0000044c       0x2c C:/Users/max/programming/Verilog/Cornell_labs/lab2/DDA_nios/software/DDA_nios_bsp/\libhal_bsp.a(alt_busy_sleep.o)
 .debug_frame   0x00000478       0x48 C:/Users/max/programming/Verilog/Cornell_labs/lab2/DDA_nios/software/DDA_nios_bsp/\libhal_bsp.a(alt_close.o)
 .debug_frame   0x000004c0       0x2c C:/Users/max/programming/Verilog/Cornell_labs/lab2/DDA_nios/software/DDA_nios_bsp/\libhal_bsp.a(alt_dcache_flush_all.o)
 .debug_frame   0x000004ec       0x2c C:/Users/max/programming/Verilog/Cornell_labs/lab2/DDA_nios/software/DDA_nios_bsp/\libhal_bsp.a(alt_dev.o)
 .debug_frame   0x00000518       0x48 C:/Users/max/programming/Verilog/Cornell_labs/lab2/DDA_nios/software/DDA_nios_bsp/\libhal_bsp.a(alt_dev_llist_insert.o)
 .debug_frame   0x00000560       0x2c C:/Users/max/programming/Verilog/Cornell_labs/lab2/DDA_nios/software/DDA_nios_bsp/\libhal_bsp.a(alt_find_dev.o)
 .debug_frame   0x0000058c       0x2c C:/Users/max/programming/Verilog/Cornell_labs/lab2/DDA_nios/software/DDA_nios_bsp/\libhal_bsp.a(alt_icache_flush_all.o)
 .debug_frame   0x000005b8       0x48 C:/Users/max/programming/Verilog/Cornell_labs/lab2/DDA_nios/software/DDA_nios_bsp/\libhal_bsp.a(alt_io_redirect.o)
 .debug_frame   0x00000600       0x64 C:/Users/max/programming/Verilog/Cornell_labs/lab2/DDA_nios/software/DDA_nios_bsp/\libhal_bsp.a(alt_open.o)
 .debug_frame   0x00000664       0x2c C:/Users/max/programming/Verilog/Cornell_labs/lab2/DDA_nios/software/DDA_nios_bsp/\libhal_bsp.a(alt_release_fd.o)
 .debug_frame   0x00000690       0x2c C:/Users/max/programming/Verilog/Cornell_labs/lab2/DDA_nios/software/DDA_nios_bsp/\libhal_bsp.a(altera_nios2_qsys_irq.o)
 .debug_frame   0x000006bc       0x2c C:/Users/max/programming/Verilog/Cornell_labs/lab2/DDA_nios/software/DDA_nios_bsp/\libhal_bsp.a(alt_find_file.o)
 .debug_frame   0x000006e8       0x2c C:/Users/max/programming/Verilog/Cornell_labs/lab2/DDA_nios/software/DDA_nios_bsp/\libhal_bsp.a(alt_get_fd.o)
 .debug_frame   0x00000714       0x2c C:/Users/max/programming/Verilog/Cornell_labs/lab2/DDA_nios/software/DDA_nios_bsp/\libhal_bsp.a(alt_icache_flush.o)
 .debug_frame   0x00000740       0x2c c:/altera/13.0sp1/nios2eds/bin/gnu/h-i686-mingw32/bin/../lib/gcc/nios2-elf/4.1.2/../../../../nios2-elf/lib\libsmallc.a(lib_a-exit.o)
 .debug_frame   0x0000076c       0x20 c:/altera/13.0sp1/nios2eds/bin/gnu/h-i686-mingw32/bin/../lib/gcc/nios2-elf/4.1.2/../../../../nios2-elf/lib\libsmallc.a(lib_a-memcmp.o)
 .debug_frame   0x0000078c       0x20 c:/altera/13.0sp1/nios2eds/bin/gnu/h-i686-mingw32/bin/../lib/gcc/nios2-elf/4.1.2/../../../../nios2-elf/lib\libsmallc.a(lib_a-strcmp.o)
 .debug_frame   0x000007ac       0x4c c:/altera/13.0sp1/nios2eds/bin/gnu/h-i686-mingw32/bin/../lib/gcc/nios2-elf/4.1.2/../../../../nios2-elf/lib\libsmallc.a(lib_a-__call_atexit.o)
 .debug_frame   0x000007f8       0x48 C:/Users/max/programming/Verilog/Cornell_labs/lab2/DDA_nios/software/DDA_nios_bsp/\libhal_bsp.a(alt_exit.o)

.debug_str      0x00000000      0xae8
 *(.debug_str)
 .debug_str     0x00000000       0x32 obj/default/count_binary.o
 .debug_str     0x00000032      0x3e3 c:/altera/13.0sp1/nios2eds/bin/gnu/h-i686-mingw32/bin/../lib/gcc/nios2-elf/4.1.2/../../../../nios2-elf/lib\libsmallc.a(lib_a-puts.o)
                                0x442 (size before relaxing)
 .debug_str     0x00000415       0xd4 c:/altera/13.0sp1/nios2eds/bin/gnu/h-i686-mingw32/bin/../lib/gcc/nios2-elf/4.1.2/../../../../nios2-elf/lib\libsmallc.a(lib_a-strlen.o)
                                0x176 (size before relaxing)
 .debug_str     0x000004e9       0x6d c:/altera/13.0sp1/nios2eds/bin/gnu/h-i686-mingw32/bin/../lib/gcc/nios2-elf/4.1.2/../../../../nios2-elf/lib\libsmallc.a(lib_a-fvwrite_small_dev.o)
                                0x45c (size before relaxing)
 .debug_str     0x00000556       0xea c:/altera/13.0sp1/nios2eds/bin/gnu/h-i686-mingw32/bin/../lib/gcc/nios2-elf/4.1.2/../../../../nios2-elf/lib\libsmallc.a(lib_a-impure.o)
                                0x44f (size before relaxing)
 .debug_str     0x00000640       0x4c c:/altera/13.0sp1/nios2eds/bin/gnu/h-i686-mingw32/bin/../lib/gcc/nios2-elf/4.1.2/../../../../nios2-elf/lib\libsmallc.a(lib_a-writer.o)
                                0x443 (size before relaxing)
 .debug_str     0x0000068c       0x3d c:/altera/13.0sp1/nios2eds/bin/gnu/h-i686-mingw32/bin/../lib/gcc/nios2-elf/4.1.2/../../../../nios2-elf/lib\libsmallc.a(lib_a-int_errno.o)
                                0x169 (size before relaxing)
 .debug_str     0x000006c9       0x12 C:/Users/max/programming/Verilog/Cornell_labs/lab2/DDA_nios/software/DDA_nios_bsp/\libhal_bsp.a(alt_load.o)
 .debug_str     0x000006db       0x12 C:/Users/max/programming/Verilog/Cornell_labs/lab2/DDA_nios/software/DDA_nios_bsp/\libhal_bsp.a(alt_main.o)
 .debug_str     0x000006ed       0x12 C:/Users/max/programming/Verilog/Cornell_labs/lab2/DDA_nios/software/DDA_nios_bsp/\libhal_bsp.a(alt_usleep.o)
 .debug_str     0x000006ff       0x12 C:/Users/max/programming/Verilog/Cornell_labs/lab2/DDA_nios/software/DDA_nios_bsp/\libhal_bsp.a(alt_write.o)
 .debug_str     0x00000711       0x97 C:/Users/max/programming/Verilog/Cornell_labs/lab2/DDA_nios/software/DDA_nios_bsp/\libhal_bsp.a(alt_sys_init.o)
 .debug_str     0x000007a8       0x12 C:/Users/max/programming/Verilog/Cornell_labs/lab2/DDA_nios/software/DDA_nios_bsp/\libhal_bsp.a(altera_avalon_jtag_uart_read.o)
 .debug_str     0x000007ba       0x12 C:/Users/max/programming/Verilog/Cornell_labs/lab2/DDA_nios/software/DDA_nios_bsp/\libhal_bsp.a(altera_avalon_jtag_uart_write.o)
 .debug_str     0x000007cc       0x35 C:/Users/max/programming/Verilog/Cornell_labs/lab2/DDA_nios/software/DDA_nios_bsp/\libhal_bsp.a(altera_up_avalon_video_character_buffer_with_dma.o)
 .debug_str     0x00000801       0x12 C:/Users/max/programming/Verilog/Cornell_labs/lab2/DDA_nios/software/DDA_nios_bsp/\libhal_bsp.a(alt_busy_sleep.o)
 .debug_str     0x00000813       0x12 C:/Users/max/programming/Verilog/Cornell_labs/lab2/DDA_nios/software/DDA_nios_bsp/\libhal_bsp.a(alt_close.o)
 .debug_str     0x00000825       0x12 C:/Users/max/programming/Verilog/Cornell_labs/lab2/DDA_nios/software/DDA_nios_bsp/\libhal_bsp.a(alt_dcache_flush_all.o)
 .debug_str     0x00000837       0x12 C:/Users/max/programming/Verilog/Cornell_labs/lab2/DDA_nios/software/DDA_nios_bsp/\libhal_bsp.a(alt_dev.o)
 .debug_str     0x00000849       0x12 C:/Users/max/programming/Verilog/Cornell_labs/lab2/DDA_nios/software/DDA_nios_bsp/\libhal_bsp.a(alt_dev_llist_insert.o)
 .debug_str     0x0000085b       0x12 C:/Users/max/programming/Verilog/Cornell_labs/lab2/DDA_nios/software/DDA_nios_bsp/\libhal_bsp.a(alt_errno.o)
 .debug_str     0x0000086d       0x12 C:/Users/max/programming/Verilog/Cornell_labs/lab2/DDA_nios/software/DDA_nios_bsp/\libhal_bsp.a(alt_find_dev.o)
 .debug_str     0x0000087f       0x12 C:/Users/max/programming/Verilog/Cornell_labs/lab2/DDA_nios/software/DDA_nios_bsp/\libhal_bsp.a(alt_icache_flush_all.o)
 .debug_str     0x00000891       0x12 C:/Users/max/programming/Verilog/Cornell_labs/lab2/DDA_nios/software/DDA_nios_bsp/\libhal_bsp.a(alt_io_redirect.o)
 .debug_str     0x000008a3       0x12 C:/Users/max/programming/Verilog/Cornell_labs/lab2/DDA_nios/software/DDA_nios_bsp/\libhal_bsp.a(alt_open.o)
 .debug_str     0x000008b5       0x12 C:/Users/max/programming/Verilog/Cornell_labs/lab2/DDA_nios/software/DDA_nios_bsp/\libhal_bsp.a(altera_nios2_qsys_irq.o)
 .debug_str     0x000008c7       0x12 C:/Users/max/programming/Verilog/Cornell_labs/lab2/DDA_nios/software/DDA_nios_bsp/\libhal_bsp.a(alt_find_file.o)
 .debug_str     0x000008d9       0x12 C:/Users/max/programming/Verilog/Cornell_labs/lab2/DDA_nios/software/DDA_nios_bsp/\libhal_bsp.a(alt_get_fd.o)
 .debug_str     0x000008eb       0x12 C:/Users/max/programming/Verilog/Cornell_labs/lab2/DDA_nios/software/DDA_nios_bsp/\libhal_bsp.a(alt_icache_flush.o)
 .debug_str     0x000008fd       0xd0 c:/altera/13.0sp1/nios2eds/bin/gnu/h-i686-mingw32/bin/../lib/gcc/nios2-elf/4.1.2/../../../../nios2-elf/lib\libsmallc.a(lib_a-exit.o)
                                0x16a (size before relaxing)
 .debug_str     0x000009cd       0x42 c:/altera/13.0sp1/nios2eds/bin/gnu/h-i686-mingw32/bin/../lib/gcc/nios2-elf/4.1.2/../../../../nios2-elf/lib\libsmallc.a(lib_a-memcmp.o)
                                0x170 (size before relaxing)
 .debug_str     0x00000a0f       0x42 c:/altera/13.0sp1/nios2eds/bin/gnu/h-i686-mingw32/bin/../lib/gcc/nios2-elf/4.1.2/../../../../nios2-elf/lib\libsmallc.a(lib_a-strcmp.o)
                                0x169 (size before relaxing)
 .debug_str     0x00000a51       0x7b c:/altera/13.0sp1/nios2eds/bin/gnu/h-i686-mingw32/bin/../lib/gcc/nios2-elf/4.1.2/../../../../nios2-elf/lib\libsmallc.a(lib_a-__call_atexit.o)
                                0x483 (size before relaxing)
 .debug_str     0x00000acc       0x1c C:/Users/max/programming/Verilog/Cornell_labs/lab2/DDA_nios/software/DDA_nios_bsp/\libhal_bsp.a(alt_exit.o)

.debug_loc      0x00000000      0xd39
 *(.debug_loc)
 .debug_loc     0x00000000      0x185 obj/default/count_binary.o
 .debug_loc     0x00000185       0xa2 c:/altera/13.0sp1/nios2eds/bin/gnu/h-i686-mingw32/bin/../lib/gcc/nios2-elf/4.1.2/../../../../nios2-elf/lib\libsmallc.a(lib_a-puts.o)
 .debug_loc     0x00000227       0x1e c:/altera/13.0sp1/nios2eds/bin/gnu/h-i686-mingw32/bin/../lib/gcc/nios2-elf/4.1.2/../../../../nios2-elf/lib\libsmallc.a(lib_a-strlen.o)
 .debug_loc     0x00000245      0x162 c:/altera/13.0sp1/nios2eds/bin/gnu/h-i686-mingw32/bin/../lib/gcc/nios2-elf/4.1.2/../../../../nios2-elf/lib\libsmallc.a(lib_a-fvwrite_small_dev.o)
 .debug_loc     0x000003a7       0x97 c:/altera/13.0sp1/nios2eds/bin/gnu/h-i686-mingw32/bin/../lib/gcc/nios2-elf/4.1.2/../../../../nios2-elf/lib\libsmallc.a(lib_a-writer.o)
 .debug_loc     0x0000043e       0x56 C:/Users/max/programming/Verilog/Cornell_labs/lab2/DDA_nios/software/DDA_nios_bsp/\libhal_bsp.a(alt_load.o)
 .debug_loc     0x00000494       0x2b C:/Users/max/programming/Verilog/Cornell_labs/lab2/DDA_nios/software/DDA_nios_bsp/\libhal_bsp.a(alt_main.o)
 .debug_loc     0x000004bf       0x2b C:/Users/max/programming/Verilog/Cornell_labs/lab2/DDA_nios/software/DDA_nios_bsp/\libhal_bsp.a(alt_usleep.o)
 .debug_loc     0x000004ea       0x56 C:/Users/max/programming/Verilog/Cornell_labs/lab2/DDA_nios/software/DDA_nios_bsp/\libhal_bsp.a(alt_write.o)
 .debug_loc     0x00000540       0x81 C:/Users/max/programming/Verilog/Cornell_labs/lab2/DDA_nios/software/DDA_nios_bsp/\libhal_bsp.a(alt_sys_init.o)
 .debug_loc     0x000005c1       0x56 C:/Users/max/programming/Verilog/Cornell_labs/lab2/DDA_nios/software/DDA_nios_bsp/\libhal_bsp.a(altera_avalon_jtag_uart_fd.o)
 .debug_loc     0x00000617       0x2b C:/Users/max/programming/Verilog/Cornell_labs/lab2/DDA_nios/software/DDA_nios_bsp/\libhal_bsp.a(altera_avalon_jtag_uart_read.o)
 .debug_loc     0x00000642       0x2b C:/Users/max/programming/Verilog/Cornell_labs/lab2/DDA_nios/software/DDA_nios_bsp/\libhal_bsp.a(altera_avalon_jtag_uart_write.o)
 .debug_loc     0x0000066d       0xd7 C:/Users/max/programming/Verilog/Cornell_labs/lab2/DDA_nios/software/DDA_nios_bsp/\libhal_bsp.a(altera_up_avalon_video_character_buffer_with_dma.o)
 .debug_loc     0x00000744       0x2b C:/Users/max/programming/Verilog/Cornell_labs/lab2/DDA_nios/software/DDA_nios_bsp/\libhal_bsp.a(alt_busy_sleep.o)
 .debug_loc     0x0000076f       0x56 C:/Users/max/programming/Verilog/Cornell_labs/lab2/DDA_nios/software/DDA_nios_bsp/\libhal_bsp.a(alt_close.o)
 .debug_loc     0x000007c5       0x2b C:/Users/max/programming/Verilog/Cornell_labs/lab2/DDA_nios/software/DDA_nios_bsp/\libhal_bsp.a(alt_dcache_flush_all.o)
 .debug_loc     0x000007f0       0x2b C:/Users/max/programming/Verilog/Cornell_labs/lab2/DDA_nios/software/DDA_nios_bsp/\libhal_bsp.a(alt_dev.o)
 .debug_loc     0x0000081b       0x56 C:/Users/max/programming/Verilog/Cornell_labs/lab2/DDA_nios/software/DDA_nios_bsp/\libhal_bsp.a(alt_dev_llist_insert.o)
 .debug_loc     0x00000871       0x2b C:/Users/max/programming/Verilog/Cornell_labs/lab2/DDA_nios/software/DDA_nios_bsp/\libhal_bsp.a(alt_find_dev.o)
 .debug_loc     0x0000089c       0x2b C:/Users/max/programming/Verilog/Cornell_labs/lab2/DDA_nios/software/DDA_nios_bsp/\libhal_bsp.a(alt_icache_flush_all.o)
 .debug_loc     0x000008c7       0x56 C:/Users/max/programming/Verilog/Cornell_labs/lab2/DDA_nios/software/DDA_nios_bsp/\libhal_bsp.a(alt_io_redirect.o)
 .debug_loc     0x0000091d       0x81 C:/Users/max/programming/Verilog/Cornell_labs/lab2/DDA_nios/software/DDA_nios_bsp/\libhal_bsp.a(alt_open.o)
 .debug_loc     0x0000099e       0x2b C:/Users/max/programming/Verilog/Cornell_labs/lab2/DDA_nios/software/DDA_nios_bsp/\libhal_bsp.a(alt_release_fd.o)
 .debug_loc     0x000009c9       0x2b C:/Users/max/programming/Verilog/Cornell_labs/lab2/DDA_nios/software/DDA_nios_bsp/\libhal_bsp.a(altera_nios2_qsys_irq.o)
 .debug_loc     0x000009f4       0x2b C:/Users/max/programming/Verilog/Cornell_labs/lab2/DDA_nios/software/DDA_nios_bsp/\libhal_bsp.a(alt_find_file.o)
 .debug_loc     0x00000a1f       0x2b C:/Users/max/programming/Verilog/Cornell_labs/lab2/DDA_nios/software/DDA_nios_bsp/\libhal_bsp.a(alt_get_fd.o)
 .debug_loc     0x00000a4a       0x2b C:/Users/max/programming/Verilog/Cornell_labs/lab2/DDA_nios/software/DDA_nios_bsp/\libhal_bsp.a(alt_icache_flush.o)
 .debug_loc     0x00000a75       0x3d c:/altera/13.0sp1/nios2eds/bin/gnu/h-i686-mingw32/bin/../lib/gcc/nios2-elf/4.1.2/../../../../nios2-elf/lib\libsmallc.a(lib_a-exit.o)
 .debug_loc     0x00000ab2       0x70 c:/altera/13.0sp1/nios2eds/bin/gnu/h-i686-mingw32/bin/../lib/gcc/nios2-elf/4.1.2/../../../../nios2-elf/lib\libsmallc.a(lib_a-memcmp.o)
 .debug_loc     0x00000b22      0x1c1 c:/altera/13.0sp1/nios2eds/bin/gnu/h-i686-mingw32/bin/../lib/gcc/nios2-elf/4.1.2/../../../../nios2-elf/lib\libsmallc.a(lib_a-__call_atexit.o)
 .debug_loc     0x00000ce3       0x56 C:/Users/max/programming/Verilog/Cornell_labs/lab2/DDA_nios/software/DDA_nios_bsp/\libhal_bsp.a(alt_exit.o)

.debug_macinfo
 *(.debug_macinfo)

.debug_weaknames
 *(.debug_weaknames)

.debug_funcnames
 *(.debug_funcnames)

.debug_typenames
 *(.debug_typenames)

.debug_varnames
 *(.debug_varnames)

.debug_alt_sim_info
                0x00000000       0x50
 *(.debug_alt_sim_info)
 .debug_alt_sim_info
                0x00000000       0x20 C:/Users/max/programming/Verilog/Cornell_labs/lab2/DDA_nios/software/DDA_nios_bsp//obj/HAL/src/crt0.o
 .debug_alt_sim_info
                0x00000020       0x30 C:/Users/max/programming/Verilog/Cornell_labs/lab2/DDA_nios/software/DDA_nios_bsp/\libhal_bsp.a(alt_busy_sleep.o)
                0x08000000                __alt_data_end = 0x8000000
                0x08000000                PROVIDE (__alt_stack_pointer, __alt_data_end)
                0x00002f18                PROVIDE (__alt_stack_limit, __alt_stack_base)
                0x00002f18                PROVIDE (__alt_heap_start, end)
                0x08000000                PROVIDE (__alt_heap_limit, 0x8000000)
OUTPUT(DDA_nios.elf elf32-littlenios2)

.debug_ranges   0x00000000       0x38
 .debug_ranges  0x00000000       0x20 C:/Users/max/programming/Verilog/Cornell_labs/lab2/DDA_nios/software/DDA_nios_bsp//obj/HAL/src/crt0.o
 .debug_ranges  0x00000020       0x18 c:/altera/13.0sp1/nios2eds/bin/gnu/h-i686-mingw32/bin/../lib/gcc/nios2-elf/4.1.2/../../../../nios2-elf/lib\libsmallc.a(lib_a-__call_atexit.o)
